Component: ARM Compiler 5.05 update 1 (build 106) Tool: armlink [4d0efa]

==============================================================================

Section Cross References

    main.o(.text) refers to text.o(.text) for Show_Str
    main.o(.text) refers to exfuns.o(.text) for exf_getfree
    main.o(.text) refers to lcd.o(.text) for LCD_ShowString
    main.o(.text) refers to misc.o(.text) for NVIC_PriorityGroupConfig
    main.o(.text) refers to delay.o(.text) for delay_init
    main.o(.text) refers to usart.o(.text) for uart_init
    main.o(.text) refers to led.o(.text) for LED_Init
    main.o(.text) refers to key.o(.text) for KEY_Init
    main.o(.text) refers to w25qxx.o(.text) for W25QXX_Init
    main.o(.text) refers to wm8978.o(.text) for WM8978_Init
    main.o(.text) refers to malloc.o(.text) for my_mem_init
    main.o(.text) refers to ff.o(.text) for f_mount
    main.o(.text) refers to fontupd.o(.text) for font_init
    main.o(.text) refers to usbh_core.o(.text) for USBH_Init
    main.o(.text) refers to audioplay.o(.text) for audio_play
    main.o(.text) refers to lcd.o(.data) for POINT_COLOR
    main.o(.text) refers to usmart_config.o(.data) for usmart_dev
    main.o(.text) refers to exfuns.o(.bss) for fs
    main.o(.text) refers to usbh_usr.o(.data) for USR_Callbacks
    main.o(.text) refers to usbh_msc_core.o(.data) for USBH_MSC_cb
    main.o(.text) refers to main.o(.bss) for USB_Host
    system_stm32f4xx.o(.text) refers to system_stm32f4xx.o(.data) for SystemCoreClock
    led.o(.text) refers to stm32f4xx_rcc.o(.text) for RCC_AHB1PeriphClockCmd
    led.o(.text) refers to stm32f4xx_gpio.o(.text) for GPIO_Init
    lcd.o(.text) refers to _printf_percent.o(.ARM.Collect$$_printf_percent$$00000000) for _printf_percent
    lcd.o(.text) refers to _printf_x.o(.ARM.Collect$$_printf_percent$$0000000C) for _printf_x
    lcd.o(.text) refers to _printf_hex_int.o(.text) for _printf_longlong_hex
    lcd.o(.text) refers to delay.o(.text) for delay_us
    lcd.o(.text) refers to lcd.o(.bss) for lcddev
    lcd.o(.text) refers to lcd.o(.data) for POINT_COLOR
    lcd.o(.text) refers to dflt_clz.o(x$fpl$dfltu) for __aeabi_ui2d
    lcd.o(.text) refers to dmul.o(x$fpl$dmul) for __aeabi_dmul
    lcd.o(.text) refers to dfixu.o(x$fpl$dfixu) for __aeabi_d2uiz
    lcd.o(.text) refers to stm32f4xx_rcc.o(.text) for RCC_AHB1PeriphClockCmd
    lcd.o(.text) refers to stm32f4xx_gpio.o(.text) for GPIO_Init
    lcd.o(.text) refers to stm32f4xx_fsmc.o(.text) for FSMC_NORSRAMInit
    lcd.o(.text) refers to noretval__2printf.o(.text) for __2printf
    lcd.o(.text) refers to lcd.o(.constdata) for asc2_1206
    key.o(.text) refers to stm32f4xx_rcc.o(.text) for RCC_AHB1PeriphClockCmd
    key.o(.text) refers to stm32f4xx_gpio.o(.text) for GPIO_Init
    key.o(.text) refers to delay.o(.text) for delay_ms
    key.o(.text) refers to key.o(.data) for key_up
    spi.o(.text) refers to stm32f4xx_spi.o(.text) for SPI_I2S_GetFlagStatus
    spi.o(.text) refers to stm32f4xx_rcc.o(.text) for RCC_AHB1PeriphClockCmd
    spi.o(.text) refers to stm32f4xx_gpio.o(.text) for GPIO_Init
    w25qxx.o(.text) refers to _printf_percent.o(.ARM.Collect$$_printf_percent$$00000000) for _printf_percent
    w25qxx.o(.text) refers to _printf_x.o(.ARM.Collect$$_printf_percent$$0000000C) for _printf_x
    w25qxx.o(.text) refers to _printf_hex_int.o(.text) for _printf_longlong_hex
    w25qxx.o(.text) refers to spi.o(.text) for SPI1_ReadWriteByte
    w25qxx.o(.text) refers to stm32f4xx_rcc.o(.text) for RCC_AHB1PeriphClockCmd
    w25qxx.o(.text) refers to stm32f4xx_gpio.o(.text) for GPIO_Init
    w25qxx.o(.text) refers to noretval__2printf.o(.text) for __2printf
    w25qxx.o(.text) refers to delay.o(.text) for delay_us
    w25qxx.o(.text) refers to w25qxx.o(.data) for W25QXX_TYPE
    w25qxx.o(.text) refers to w25qxx.o(.bss) for W25QXX_BUFFER
    sdio_sdcard.o(.text) refers to stm32f4xx_sdio.o(.text) for SDIO_GetFlagStatus
    sdio_sdcard.o(.text) refers to sdio_sdcard.o(.data) for DeviceMode
    sdio_sdcard.o(.text) refers to sdio_sdcard.o(.bss) for SDIO_CmdInitStructure
    sdio_sdcard.o(.text) refers to stm32f4xx_rcc.o(.text) for RCC_AHB1PeriphClockCmd
    sdio_sdcard.o(.text) refers to stm32f4xx_gpio.o(.text) for GPIO_Init
    sdio_sdcard.o(.text) refers to misc.o(.text) for NVIC_Init
    sdio_sdcard.o(.text) refers to stm32f4xx_dma.o(.text) for DMA_GetCmdStatus
    sdio_sdcard.o(.text) refers to sys.o(.emb_text) for INTX_DISABLE
    sdio_sdcard.o(.text) refers to rt_memcpy_v6.o(.text) for __aeabi_memcpy
    myiic.o(.text) refers to stm32f4xx_rcc.o(.text) for RCC_AHB1PeriphClockCmd
    myiic.o(.text) refers to stm32f4xx_gpio.o(.text) for GPIO_Init
    myiic.o(.text) refers to delay.o(.text) for delay_us
    24cxx.o(.text) refers to myiic.o(.text) for IIC_Init
    24cxx.o(.text) refers to delay.o(.text) for delay_ms
    i2s.o(.text) refers to stm32f4xx_rcc.o(.text) for RCC_APB1PeriphClockCmd
    i2s.o(.text) refers to stm32f4xx_spi.o(.text) for I2S_Init
[...]
    RCC_AHB1PeriphClockLPModeCmd             0x08009115   Thumb Code    34  stm32f4xx_rcc.o(.text)
    RCC_AHB2PeriphClockLPModeCmd             0x08009137   Thumb Code    34  stm32f4xx_rcc.o(.text)
    RCC_AHB3PeriphClockLPModeCmd             0x08009159   Thumb Code    34  stm32f4xx_rcc.o(.text)
    RCC_APB1PeriphClockLPModeCmd             0x0800917b   Thumb Code    34  stm32f4xx_rcc.o(.text)
    RCC_APB2PeriphClockLPModeCmd             0x0800919d   Thumb Code    34  stm32f4xx_rcc.o(.text)
    RCC_LSEModeConfig                        0x080091bf   Thumb Code    40  stm32f4xx_rcc.o(.text)
    RCC_ITConfig                             0x080091e7   Thumb Code    34  stm32f4xx_rcc.o(.text)
    RCC_ClearFlag                            0x08009209   Thumb Code    18  stm32f4xx_rcc.o(.text)
    RCC_GetITStatus                          0x0800921b   Thumb Code    22  stm32f4xx_rcc.o(.text)
    RCC_ClearITPendingBit                    0x08009231   Thumb Code     8  stm32f4xx_rcc.o(.text)
    USART_DeInit                             0x0800923d   Thumb Code   206  stm32f4xx_usart.o(.text)
    USART_Init                               0x0800930b   Thumb Code   204  stm32f4xx_usart.o(.text)
    USART_StructInit                         0x080093d7   Thumb Code    24  stm32f4xx_usart.o(.text)
    USART_ClockInit                          0x080093ef   Thumb Code    32  stm32f4xx_usart.o(.text)
    USART_ClockStructInit                    0x0800940f   Thumb Code    12  stm32f4xx_usart.o(.text)
    USART_Cmd                                0x0800941b   Thumb Code    24  stm32f4xx_usart.o(.text)
    USART_SetPrescaler                       0x08009433   Thumb Code    16  stm32f4xx_usart.o(.text)
    USART_OverSampling8Cmd                   0x08009443   Thumb Code    22  stm32f4xx_usart.o(.text)
    USART_OneBitMethodCmd                    0x08009459   Thumb Code    24  stm32f4xx_usart.o(.text)
    USART_SendData                           0x08009471   Thumb Code     8  stm32f4xx_usart.o(.text)
    USART_ReceiveData                        0x08009479   Thumb Code    10  stm32f4xx_usart.o(.text)
    USART_SetAddress                         0x08009483   Thumb Code    18  stm32f4xx_usart.o(.text)
    USART_ReceiverWakeUpCmd                  0x08009495   Thumb Code    24  stm32f4xx_usart.o(.text)
    USART_WakeUpConfig                       0x080094ad   Thumb Code    18  stm32f4xx_usart.o(.text)
    USART_LINBreakDetectLengthConfig         0x080094bf   Thumb Code    18  stm32f4xx_usart.o(.text)
    USART_LINCmd                             0x080094d1   Thumb Code    24  stm32f4xx_usart.o(.text)
    USART_SendBreak                          0x080094e9   Thumb Code    10  stm32f4xx_usart.o(.text)
    USART_HalfDuplexCmd                      0x080094f3   Thumb Code    24  stm32f4xx_usart.o(.text)
    USART_SetGuardTime                       0x0800950b   Thumb Code    16  stm32f4xx_usart.o(.text)
    USART_SmartCardCmd                       0x0800951b   Thumb Code    24  stm32f4xx_usart.o(.text)
    USART_SmartCardNACKCmd                   0x08009533   Thumb Code    24  stm32f4xx_usart.o(.text)
    USART_IrDAConfig                         0x0800954b   Thumb Code    18  stm32f4xx_usart.o(.text)
    USART_IrDACmd                            0x0800955d   Thumb Code    24  stm32f4xx_usart.o(.text)
    USART_DMACmd                             0x08009575   Thumb Code    18  stm32f4xx_usart.o(.text)
    USART_ITConfig                           0x08009587   Thumb Code    74  stm32f4xx_usart.o(.text)
    USART_GetFlagStatus                      0x080095d1   Thumb Code    26  stm32f4xx_usart.o(.text)
    USART_ClearFlag                          0x080095eb   Thumb Code    18  stm32f4xx_usart.o(.text)
    USART_GetITStatus                        0x080095fd   Thumb Code   118  stm32f4xx_usart.o(.text)
    USART_ClearITPendingBit                  0x08009673   Thumb Code    30  stm32f4xx_usart.o(.text)
    TIM_DeInit                               0x08009691   Thumb Code   346  stm32f4xx_tim.o(.text)
    TIM_TimeBaseInit                         0x080097eb   Thumb Code   104  stm32f4xx_tim.o(.text)
    TIM_TimeBaseStructInit                   0x08009853   Thumb Code    18  stm32f4xx_tim.o(.text)
    TIM_PrescalerConfig                      0x08009865   Thumb Code     6  stm32f4xx_tim.o(.text)
    TIM_CounterModeConfig                    0x0800986b   Thumb Code    18  stm32f4xx_tim.o(.text)
    TIM_SetCounter                           0x0800987d   Thumb Code     4  stm32f4xx_tim.o(.text)
    TIM_SetAutoreload                        0x08009881   Thumb Code     4  stm32f4xx_tim.o(.text)
    TIM_GetCounter                           0x08009885   Thumb Code     6  stm32f4xx_tim.o(.text)
    TIM_GetPrescaler                         0x0800988b   Thumb Code     6  stm32f4xx_tim.o(.text)
    TIM_UpdateDisableConfig                  0x08009891   Thumb Code    24  stm32f4xx_tim.o(.text)
    TIM_UpdateRequestConfig                  0x080098a9   Thumb Code    24  stm32f4xx_tim.o(.text)
    TIM_ARRPreloadConfig                     0x080098c1   Thumb Code    24  stm32f4xx_tim.o(.text)
    TIM_SelectOnePulseMode                   0x080098d9   Thumb Code    18  stm32f4xx_tim.o(.text)
    TIM_SetClockDivision                     0x080098eb   Thumb Code    18  stm32f4xx_tim.o(.text)
    TIM_Cmd                                  0x080098fd   Thumb Code    24  stm32f4xx_tim.o(.text)
    TIM_OC1Init                              0x08009915   Thumb Code   114  stm32f4xx_tim.o(.text)
    TIM_OC2Init                              0x08009987   Thumb Code   154  stm32f4xx_tim.o(.text)
    TIM_OC3Init                              0x08009a21   Thumb Code   204  stm32f4xx_tim.o(.text)
    TIM_OC4Init                              0x08009aed   Thumb Code   112  stm32f4xx_tim.o(.text)
    TIM_OCStructInit                         0x08009b5d   Thumb Code    20  stm32f4xx_tim.o(.text)
    TIM_SelectOCxM                           0x08009b71   Thumb Code    86  stm32f4xx_tim.o(.text)
    TIM_SetCompare1                          0x08009bc7   Thumb Code     4  stm32f4xx_tim.o(.text)
    TIM_SetCompare2                          0x08009bcb   Thumb Code     4  stm32f4xx_tim.o(.text)
    TIM_SetCompare3                          0x08009bcf   Thumb Code     4  stm32f4xx_tim.o(.text)
    TIM_SetCompare4                          0x08009bd3   Thumb Code     4  stm32f4xx_tim.o(.text)
    TIM_ForcedOC1Config                      0x08009bd7   Thumb Code    18  stm32f4xx_tim.o(.text)
    TIM_ForcedOC2Config                      0x08009be9   Thumb Code    26  stm32f4xx_tim.o(.text)
    TIM_ForcedOC3Config                      0x08009c03   Thumb Code    18  stm32f4xx_tim.o(.text)
    TIM_ForcedOC4Config                      0x08009c15   Thumb Code    26  stm32f4xx_tim.o(.text)
    TIM_OC1PreloadConfig                     0x08009c2f   Thumb Code    18  stm32f4xx_tim.o(.text)
    TIM_OC2PreloadConfig                     0x08009c41   Thumb Code    26  stm32f4xx_tim.o(.text)
    TIM_OC3PreloadConfig                     0x08009c5b   Thumb Code    18  stm32f4xx_tim.o(.text)
    TIM_OC4PreloadConfig                     0x08009c6d   Thumb Code    26  stm32f4xx_tim.o(.text)
    TIM_OC1FastConfig                        0x08009c87   Thumb Code    18  stm32f4xx_tim.o(.text)
    TIM_OC2FastConfig                        0x08009c99   Thumb Code    26  stm32f4xx_tim.o(.text)
    TIM_OC3FastConfig                        0x08009cb3   Thumb Code    18  stm32f4xx_tim.o(.text)
    TIM_OC4FastConfig                        0x08009cc5   Thumb Code    26  stm32f4xx_tim.o(.text)
    TIM_ClearOC1Ref                          0x08009cdf   Thumb Code    18  stm32f4xx_tim.o(.text)
    TIM_ClearOC2Ref                          0x08009cf1   Thumb Code    24  stm32f4xx_tim.o(.text)
    TIM_ClearOC3Ref                          0x08009d09   Thumb Code    18  stm32f4xx_tim.o(.text)
    TIM_ClearOC4Ref                          0x08009d1b   Thumb Code    24  stm32f4xx_tim.o(.text)
    TIM_OC1PolarityConfig                    0x08009d33   Thumb Code    18  stm32f4xx_tim.o(.text)
    TIM_OC1NPolarityConfig                   0x08009d45   Thumb Code    18  stm32f4xx_tim.o(.text)
    TIM_OC2PolarityConfig                    0x08009d57   Thumb Code    26  stm32f4xx_tim.o(.text)
    TIM_OC2NPolarityConfig                   0x08009d71   Thumb Code    26  stm32f4xx_tim.o(.text)
    TIM_OC3PolarityConfig                    0x08009d8b   Thumb Code    26  stm32f4xx_tim.o(.text)
    TIM_OC3NPolarityConfig                   0x08009da5   Thumb Code    26  stm32f4xx_tim.o(.text)
    TIM_OC4PolarityConfig                    0x08009dbf   Thumb Code    26  stm32f4xx_tim.o(.text)
    TIM_CCxCmd                               0x08009dd9   Thumb Code    30  stm32f4xx_tim.o(.text)
    TIM_CCxNCmd                              0x08009df7   Thumb Code    30  stm32f4xx_tim.o(.text)
    TIM_SetIC4Prescaler                      0x08009e15   Thumb Code    26  stm32f4xx_tim.o(.text)
    TIM_SetIC3Prescaler                      0x08009e7f   Thumb Code    18  stm32f4xx_tim.o(.text)
    TIM_SetIC2Prescaler                      0x08009ed9   Thumb Code    26  stm32f4xx_tim.o(.text)
    TIM_SetIC1Prescaler                      0x08009f4d   Thumb Code    18  stm32f4xx_tim.o(.text)
    TIM_ICInit                               0x08009f99   Thumb Code   110  stm32f4xx_tim.o(.text)
    TIM_ICStructInit                         0x0800a007   Thumb Code    18  stm32f4xx_tim.o(.text)
    TIM_PWMIConfig                           0x0800a019   Thumb Code   124  stm32f4xx_tim.o(.text)
    TIM_GetCapture1                          0x0800a095   Thumb Code     6  stm32f4xx_tim.o(.text)
    TIM_GetCapture2                          0x0800a09b   Thumb Code     6  stm32f4xx_tim.o(.text)
    TIM_GetCapture3                          0x0800a0a1   Thumb Code     6  stm32f4xx_tim.o(.text)
    TIM_GetCapture4                          0x0800a0a7   Thumb Code     6  stm32f4xx_tim.o(.text)
    TIM_BDTRConfig                           0x0800a0ad   Thumb Code    32  stm32f4xx_tim.o(.text)
    TIM_BDTRStructInit                       0x0800a0cd   Thumb Code    18  stm32f4xx_tim.o(.text)
    TIM_CtrlPWMOutputs                       0x0800a0df   Thumb Code    30  stm32f4xx_tim.o(.text)
    TIM_SelectCOM                            0x0800a0fd   Thumb Code    24  stm32f4xx_tim.o(.text)
    TIM_CCPreloadControl                     0x0800a115   Thumb Code    24  stm32f4xx_tim.o(.text)
    TIM_ITConfig                             0x0800a12d   Thumb Code    18  stm32f4xx_tim.o(.text)
    TIM_GenerateEvent                        0x0800a13f   Thumb Code     4  stm32f4xx_tim.o(.text)
    TIM_GetFlagStatus                        0x0800a143   Thumb Code    18  stm32f4xx_tim.o(.text)
    TIM_ClearFlag                            0x0800a155   Thumb Code     6  stm32f4xx_tim.o(.text)
    TIM_GetITStatus                          0x0800a15b   Thumb Code    34  stm32f4xx_tim.o(.text)
    TIM_ClearITPendingBit                    0x0800a17d   Thumb Code     6  stm32f4xx_tim.o(.text)
    TIM_DMAConfig                            0x0800a183   Thumb Code    10  stm32f4xx_tim.o(.text)
    TIM_DMACmd                               0x0800a18d   Thumb Code    18  stm32f4xx_tim.o(.text)
    TIM_SelectCCDMA                          0x0800a19f   Thumb Code    24  stm32f4xx_tim.o(.text)
    TIM_InternalClockConfig                  0x0800a1b7   Thumb Code    12  stm32f4xx_tim.o(.text)
    TIM_SelectInputTrigger                   0x0800a1c3   Thumb Code    18  stm32f4xx_tim.o(.text)
    TIM_ITRxExternalClockConfig              0x0800a1d5   Thumb Code    24  stm32f4xx_tim.o(.text)
    TIM_TIxExternalClockConfig               0x0800a1ed   Thumb Code    62  stm32f4xx_tim.o(.text)
    TIM_ETRConfig                            0x0800a22b   Thumb Code    28  stm32f4xx_tim.o(.text)
    TIM_ETRClockMode1Config                  0x0800a247   Thumb Code    54  stm32f4xx_tim.o(.text)
    TIM_ETRClockMode2Config                  0x0800a27d   Thumb Code    32  stm32f4xx_tim.o(.text)
    TIM_SelectOutputTrigger                  0x0800a29d   Thumb Code    18  stm32f4xx_tim.o(.text)
    TIM_SelectSlaveMode                      0x0800a2af   Thumb Code    18  stm32f4xx_tim.o(.text)
    TIM_SelectMasterSlaveMode                0x0800a2c1   Thumb Code    18  stm32f4xx_tim.o(.text)
    TIM_EncoderInterfaceConfig               0x0800a2d3   Thumb Code    66  stm32f4xx_tim.o(.text)
    TIM_SelectHallSensor                     0x0800a315   Thumb Code    24  stm32f4xx_tim.o(.text)
    TIM_RemapConfig                          0x0800a32d   Thumb Code     6  stm32f4xx_tim.o(.text)
    SPI_I2S_DeInit                           0x0800a335   Thumb Code   152  stm32f4xx_spi.o(.text)
    SPI_Init                                 0x0800a3cd   Thumb Code    60  stm32f4xx_spi.o(.text)
    I2S_Init                                 0x0800a409   Thumb Code   396  stm32f4xx_spi.o(.text)
    SPI_StructInit                           0x0800a595   Thumb Code    24  stm32f4xx_spi.o(.text)
    I2S_StructInit                           0x0800a5ad   Thumb Code    20  stm32f4xx_spi.o(.text)
    SPI_Cmd                                  0x0800a5c1   Thumb Code    24  stm32f4xx_spi.o(.text)
    I2S_Cmd                                  0x0800a5d9   Thumb Code    24  stm32f4xx_spi.o(.text)
    SPI_DataSizeConfig                       0x0800a5f1   Thumb Code    18  stm32f4xx_spi.o(.text)
    SPI_BiDirectionalLineConfig              0x0800a603   Thumb Code    28  stm32f4xx_spi.o(.text)
    SPI_NSSInternalSoftwareConfig            0x0800a61f   Thumb Code    30  stm32f4xx_spi.o(.text)
    SPI_SSOutputCmd                          0x0800a63d   Thumb Code    24  stm32f4xx_spi.o(.text)
    SPI_TIModeCmd                            0x0800a655   Thumb Code    24  stm32f4xx_spi.o(.text)
    I2S_FullDuplexConfig                     0x0800a66d   Thumb Code    80  stm32f4xx_spi.o(.text)
    SPI_I2S_ReceiveData                      0x0800a6bd   Thumb Code     6  stm32f4xx_spi.o(.text)
    SPI_I2S_SendData                         0x0800a6c3   Thumb Code     4  stm32f4xx_spi.o(.text)
    SPI_CalculateCRC                         0x0800a6c7   Thumb Code    24  stm32f4xx_spi.o(.text)
    SPI_TransmitCRC                          0x0800a6df   Thumb Code    10  stm32f4xx_spi.o(.text)
    SPI_GetCRC                               0x0800a6e9   Thumb Code    16  stm32f4xx_spi.o(.text)
    SPI_GetCRCPolynomial                     0x0800a6f9   Thumb Code     6  stm32f4xx_spi.o(.text)
    SPI_I2S_DMACmd                           0x0800a6ff   Thumb Code    18  stm32f4xx_spi.o(.text)
    SPI_I2S_ITConfig                         0x0800a711   Thumb Code    68  stm32f4xx_spi.o(.text)
    SPI_I2S_GetFlagStatus                    0x0800a755   Thumb Code    18  stm32f4xx_spi.o(.text)
    SPI_I2S_ClearFlag                        0x0800a767   Thumb Code     6  stm32f4xx_spi.o(.text)
    SPI_I2S_GetITStatus                      0x0800a76d   Thumb Code    52  stm32f4xx_spi.o(.text)
    SPI_I2S_ClearITPendingBit                0x0800a7a1   Thumb Code    20  stm32f4xx_spi.o(.text)
    SDIO_DeInit                              0x0800a7b5   Thumb Code    22  stm32f4xx_sdio.o(.text)
    SDIO_Init                                0x0800a7cb   Thumb Code    42  stm32f4xx_sdio.o(.text)
    SDIO_StructInit                          0x0800a7f5   Thumb Code    16  stm32f4xx_sdio.o(.text)
    SDIO_ClockCmd                            0x0800a805   Thumb Code     6  stm32f4xx_sdio.o(.text)
    SDIO_SetPowerState                       0x0800a80b   Thumb Code     8  stm32f4xx_sdio.o(.text)
    SDIO_GetPowerState                       0x0800a813   Thumb Code    12  stm32f4xx_sdio.o(.text)
    SDIO_SendCommand                         0x0800a81f   Thumb Code    42  stm32f4xx_sdio.o(.text)
    SDIO_CmdStructInit                       0x0800a849   Thumb Code    14  stm32f4xx_sdio.o(.text)
    SDIO_GetCommandResponse                  0x0800a857   Thumb Code    10  stm32f4xx_sdio.o(.text)
    SDIO_GetResponse                         0x0800a861   Thumb Code    22  stm32f4xx_sdio.o(.text)
    SDIO_DataConfig                          0x0800a877   Thumb Code    48  stm32f4xx_sdio.o(.text)
    SDIO_DataStructInit                      0x0800a8a7   Thumb Code    20  stm32f4xx_sdio.o(.text)
    SDIO_GetDataCounter                      0x0800a8bb   Thumb Code     8  stm32f4xx_sdio.o(.text)
    SDIO_ReadData                            0x0800a8c3   Thumb Code     8  stm32f4xx_sdio.o(.text)
    SDIO_WriteData                           0x0800a8cb   Thumb Code     8  stm32f4xx_sdio.o(.text)
    SDIO_GetFIFOCount                        0x0800a8d3   Thumb Code     8  stm32f4xx_sdio.o(.text)
    SDIO_StartSDIOReadWait                   0x0800a8db   Thumb Code     6  stm32f4xx_sdio.o(.text)
    SDIO_StopSDIOReadWait                    0x0800a8e1   Thumb Code     8  stm32f4xx_sdio.o(.text)
    SDIO_SetSDIOReadWaitMode                 0x0800a8e9   Thumb Code     8  stm32f4xx_sdio.o(.text)
    SDIO_SetSDIOOperation                    0x0800a8f1   Thumb Code     8  stm32f4xx_sdio.o(.text)
    SDIO_SendSDIOSuspendCmd                  0x0800a8f9   Thumb Code     6  stm32f4xx_sdio.o(.text)
    SDIO_CommandCompletionCmd                0x0800a8ff   Thumb Code     8  stm32f4xx_sdio.o(.text)
    SDIO_CEATAITCmd                          0x0800a907   Thumb Code    12  stm32f4xx_sdio.o(.text)
    SDIO_SendCEATACmd                        0x0800a913   Thumb Code     8  stm32f4xx_sdio.o(.text)
    SDIO_DMACmd                              0x0800a91b   Thumb Code     8  stm32f4xx_sdio.o(.text)
    SDIO_ITConfig                            0x0800a923   Thumb Code    34  stm32f4xx_sdio.o(.text)
    SDIO_GetFlagStatus                       0x0800a945   Thumb Code    22  stm32f4xx_sdio.o(.text)
    SDIO_ClearFlag                           0x0800a95b   Thumb Code     8  stm32f4xx_sdio.o(.text)
    SDIO_GetITStatus                         0x0800a963   Thumb Code    22  stm32f4xx_sdio.o(.text)
    SDIO_ClearITPendingBit                   0x0800a979   Thumb Code     8  stm32f4xx_sdio.o(.text)
    DMA_DeInit                               0x0800a991   Thumb Code   324  stm32f4xx_dma.o(.text)
    DMA_Init                                 0x0800aad5   Thumb Code    82  stm32f4xx_dma.o(.text)
    DMA_StructInit                           0x0800ab27   Thumb Code    34  stm32f4xx_dma.o(.text)
    DMA_Cmd                                  0x0800ab49   Thumb Code    22  stm32f4xx_dma.o(.text)
    DMA_PeriphIncOffsetSizeConfig            0x0800ab5f   Thumb Code    22  stm32f4xx_dma.o(.text)
    DMA_FlowControllerConfig                 0x0800ab75   Thumb Code    22  stm32f4xx_dma.o(.text)
    DMA_SetCurrDataCounter                   0x0800ab8b   Thumb Code     4  stm32f4xx_dma.o(.text)
    DMA_GetCurrDataCounter                   0x0800ab8f   Thumb Code     8  stm32f4xx_dma.o(.text)
    DMA_DoubleBufferModeConfig               0x0800ab97   Thumb Code    24  stm32f4xx_dma.o(.text)
    DMA_DoubleBufferModeCmd                  0x0800abaf   Thumb Code    22  stm32f4xx_dma.o(.text)
    DMA_MemoryTargetConfig                   0x0800abc5   Thumb Code    10  stm32f4xx_dma.o(.text)
    DMA_GetCurrentMemoryTarget               0x0800abcf   Thumb Code    20  stm32f4xx_dma.o(.text)
    DMA_GetCmdStatus                         0x0800abe3   Thumb Code    20  stm32f4xx_dma.o(.text)
    DMA_GetFIFOStatus                        0x0800abf7   Thumb Code    12  stm32f4xx_dma.o(.text)
    DMA_GetFlagStatus                        0x0800ac03   Thumb Code    56  stm32f4xx_dma.o(.text)
    DMA_ClearFlag                            0x0800ac3b   Thumb Code    40  stm32f4xx_dma.o(.text)
    DMA_ITConfig                             0x0800ac63   Thumb Code    58  stm32f4xx_dma.o(.text)
    DMA_GetITStatus                          0x0800ac9d   Thumb Code    84  stm32f4xx_dma.o(.text)
    DMA_ClearITPendingBit                    0x0800acf1   Thumb Code    40  stm32f4xx_dma.o(.text)
    mymemcpy                                 0x0800ad39   Thumb Code    26  malloc.o(.text)
    mymemset                                 0x0800ad53   Thumb Code    20  malloc.o(.text)
    my_mem_init                              0x0800ad67   Thumb Code    54  malloc.o(.text)
    my_mem_perused                           0x0800ad9d   Thumb Code    54  malloc.o(.text)
    my_mem_malloc                            0x0800add3   Thumb Code   154  malloc.o(.text)
    my_mem_free                              0x0800ae6d   Thumb Code    94  malloc.o(.text)
    myfree                                   0x0800aecb   Thumb Code    32  malloc.o(.text)
    mymalloc                                 0x0800aeeb   Thumb Code    36  malloc.o(.text)
    myrealloc                                0x0800af0f   Thumb Code    68  malloc.o(.text)
    usmart_sys_cmd_exe                       0x0800af65   Thumb Code  1554  usmart.o(.text)
    usmart_reset_runtime                     0x0800b577   Thumb Code    38  usmart.o(.text)
    usmart_get_runtime                       0x0800b59d   Thumb Code    60  usmart.o(.text)
    TIM4_IRQHandler                          0x0800b5d9   Thumb Code    46  usmart.o(.text)
    Timer4_Init                              0x0800b607   Thumb Code    86  usmart.o(.text)
    usmart_init                              0x0800b65d   Thumb Code    36  usmart.o(.text)
    usmart_cmd_rec                           0x0800b681   Thumb Code   170  usmart.o(.text)
    usmart_exe                               0x0800b72b   Thumb Code   868  usmart.o(.text)
    usmart_scan                              0x0800ba8f   Thumb Code   120  usmart.o(.text)
    read_addr                                0x0800bb07   Thumb Code     6  usmart.o(.text)
    write_addr                               0x0800bb0d   Thumb Code     4  usmart.o(.text)
    usmart_strcmp                            0x0800bb99   Thumb Code    34  usmart_str.o(.text)
    usmart_strcopy                           0x0800bbbb   Thumb Code    22  usmart_str.o(.text)
    usmart_strlen                            0x0800bbd1   Thumb Code    24  usmart_str.o(.text)
    usmart_pow                               0x0800bbe9   Thumb Code    22  usmart_str.o(.text)
    usmart_str2num                           0x0800bbff   Thumb Code   202  usmart_str.o(.text)
    usmart_get_cmdname                       0x0800bcc9   Thumb Code    54  usmart_str.o(.text)
    usmart_search_nextc                      0x0800bcff   Thumb Code    22  usmart_str.o(.text)
    usmart_get_fname                         0x0800bd15   Thumb Code   440  usmart_str.o(.text)
    usmart_get_aparm                         0x0800becd   Thumb Code   200  usmart_str.o(.text)
    usmart_get_parmpos                       0x0800bf95   Thumb Code    26  usmart_str.o(.text)
    usmart_get_fparam                        0x0800bfaf   Thumb Code   262  usmart_str.o(.text)
    disk_initialize                          0x0800c0c1   Thumb Code    70  diskio.o(.text)
    disk_status                              0x0800c107   Thumb Code     6  diskio.o(.text)
    disk_read                                0x0800c10d   Thumb Code   140  diskio.o(.text)
    disk_write                               0x0800c199   Thumb Code   140  diskio.o(.text)
    disk_ioctl                               0x0800c225   Thumb Code   240  diskio.o(.text)
    get_fattime                              0x0800c315   Thumb Code     4  diskio.o(.text)
    ff_memalloc                              0x0800c319   Thumb Code    14  diskio.o(.text)
    ff_memfree                               0x0800c327   Thumb Code    14  diskio.o(.text)
    clust2sect                               0x0800c4ef   Thumb Code    26  ff.o(.text)
    get_fat                                  0x0800c509   Thumb Code   232  ff.o(.text)
    put_fat                                  0x0800c5f1   Thumb Code   310  ff.o(.text)
    dir_sdi                                  0x0800c89b   Thumb Code   158  ff.o(.text)
    f_mount                                  0x0800d90d   Thumb Code    86  ff.o(.text)
    f_open                                   0x0800d963   Thumb Code   384  ff.o(.text)
    f_read                                   0x0800dae3   Thumb Code   448  ff.o(.text)
    f_write                                  0x0800dca3   Thumb Code   490  ff.o(.text)
    f_sync                                   0x0800de8d   Thumb Code   176  ff.o(.text)
    f_close                                  0x0800df3d   Thumb Code    36  ff.o(.text)
    f_lseek                                  0x0800df61   Thumb Code   654  ff.o(.text)
    f_opendir                                0x0800e1ef   Thumb Code   136  ff.o(.text)
    f_closedir                               0x0800e277   Thumb Code    22  ff.o(.text)
    f_readdir                                0x0800e28d   Thumb Code   114  ff.o(.text)
    f_stat                                   0x0800e2ff   Thumb Code    84  ff.o(.text)
    f_getfree                                0x0800e353   Thumb Code   258  ff.o(.text)
    f_truncate                               0x0800e455   Thumb Code   184  ff.o(.text)
    f_unlink                                 0x0800e50d   Thumb Code   194  ff.o(.text)
    f_mkdir                                  0x0800e5cf   Thumb Code   380  ff.o(.text)
    f_chmod                                  0x0800e74b   Thumb Code   112  ff.o(.text)
    f_utime                                  0x0800e7bb   Thumb Code   110  ff.o(.text)
    f_rename                                 0x0800e829   Thumb Code   314  ff.o(.text)
    f_getlabel                               0x0800e963   Thumb Code   190  ff.o(.text)
    f_setlabel                               0x0800ea21   Thumb Code   470  ff.o(.text)
    f_mkfs                                   0x0800ebf7   Thumb Code  1570  ff.o(.text)
    f_gets                                   0x0800f219   Thumb Code    82  ff.o(.text)
    f_putc                                   0x0800f2af   Thumb Code    64  ff.o(.text)
    f_puts                                   0x0800f2ef   Thumb Code    74  ff.o(.text)
    f_printf                                 0x0800f339   Thumb Code   674  ff.o(.text)
    exfuns_init                              0x0800f5dd   Thumb Code   114  exfuns.o(.text)
    char_upper                               0x0800f64f   Thumb Code    26  exfuns.o(.text)
    f_typetell                               0x0800f669   Thumb Code   172  exfuns.o(.text)
    exf_getfree                              0x0800f715   Thumb Code    74  exfuns.o(.text)
    ff_convert                               0x0800f775   Thumb Code   146  mycc936.o(.text)
    ff_wtoupper                              0x0800f807   Thumb Code    46  mycc936.o(.text)
    fupd_prog                                0x0800f841   Thumb Code   148  fontupd.o(.text)
    updata_fontx                             0x0800f8d5   Thumb Code   346  fontupd.o(.text)
    update_font                              0x0800fa2f   Thumb Code   884  fontupd.o(.text)
    font_init                                0x0800fda3   Thumb Code    64  fontupd.o(.text)
    Get_HzMat                                0x0800fe21   Thumb Code   220  text.o(.text)
    Show_Font                                0x0800fefd   Thumb Code   190  text.o(.text)
    Show_Str                                 0x0800ffbb   Thumb Code   192  text.o(.text)
    Show_Str_Mid                             0x0801007b   Thumb Code   106  text.o(.text)
    wav_decode_init                          0x080100f5   Thumb Code   314  wavplay.o(.text)
    wav_buffill                              0x0801022f   Thumb Code   156  wavplay.o(.text)
    wav_i2s_dma_tx_callback                  0x080102cb   Thumb Code    96  wavplay.o(.text)
    wav_get_curtime                          0x0801032b   Thumb Code    74  wavplay.o(.text)
    wav_play_song                            0x08010375   Thumb Code   790  wavplay.o(.text)
    mp3_i2s_dma_tx_callback                  0x08010695   Thumb Code    96  mp3play.o(.text)
    mp3_fill_buffer                          0x080106f5   Thumb Code   114  mp3play.o(.text)
    mp3_id3v1_decode                         0x08010767   Thumb Code    64  mp3play.o(.text)
    mp3_id3v2_decode                         0x080107a7   Thumb Code   230  mp3play.o(.text)
    mp3_get_info                             0x0801088d   Thumb Code   632  mp3play.o(.text)
    mp3_get_curtime                          0x08010b05   Thumb Code    42  mp3play.o(.text)
    mp3_file_seek                            0x08010b2f   Thumb Code    38  mp3play.o(.text)
    mp3_play_song                            0x08010b55   Thumb Code   878  mp3play.o(.text)
    xmp3_SetBitstreamPointer                 0x08010f39   Thumb Code    12  bitstream.o(.text)
    xmp3_GetBits                             0x08010fcd   Thumb Code    80  bitstream.o(.text)
    xmp3_CalcBitsUsed                        0x0801101d   Thumb Code    18  bitstream.o(.text)
    xmp3_CheckPadBit                         0x0801102f   Thumb Code    28  bitstream.o(.text)
    xmp3_UnpackFrameHeader                   0x0801104b   Thumb Code   476  bitstream.o(.text)
    xmp3_UnpackSideInfo                      0x08011227   Thumb Code   556  bitstream.o(.text)
    ClearBuffer                              0x0801146d   Thumb Code    22  buffers.o(.text)
    xmp3_FreeBuffers                         0x08011483   Thumb Code   134  buffers.o(.text)
    xmp3_AllocateBuffers                     0x08011509   Thumb Code   250  buffers.o(.text)
    xmp3_FDCT32                              0x08011605   Thumb Code  3372  dct32.o(.text)
    xmp3_Dequantize                          0x0801234d   Thumb Code   640  dequant.o(.text)
    xmp3_DequantChannel                      0x08012781   Thumb Code   662  dqchan.o(.text)
    xmp3_DecodeHuffman                       0x08012f07   Thumb Code   538  huffman.o(.text)
    xmp3_IMDCT                               0x08013f5b   Thumb Code   522  imdct.o(.text)
    MP3InitDecoder                           0x08014165   Thumb Code    12  mp3dec.o(.text)
    MP3FreeDecoder                           0x08014171   Thumb Code    20  mp3dec.o(.text)
    MP3FindSyncWord                          0x08014185   Thumb Code    44  mp3dec.o(.text)
    MP3GetLastFrameInfo                      0x08014215   Thumb Code    94  mp3dec.o(.text)
    MP3GetNextFrameInfo                      0x08014273   Thumb Code    60  mp3dec.o(.text)
    MP3Decode                                0x080142d9   Thumb Code   804  mp3dec.o(.text)
    xmp3_UnpackScaleFactors                  0x08014a67   Thumb Code   296  scalfact.o(.text)
    xmp3_MidSideProc                         0x08014b91   Thumb Code   106  stproc.o(.text)
    xmp3_IntensityProcMPEG1                  0x08014bfb   Thumb Code   744  stproc.o(.text)
    xmp3_IntensityProcMPEG2                  0x08014ee3   Thumb Code   718  stproc.o(.text)
    xmp3_Subband                             0x080151b5   Thumb Code   272  subband.o(.text)
    xmp3_MULSHIFT32                          0x080152c9   Thumb Code     6  asmmisc_rvds.o(.text)
    xmp3_FASTABS                             0x080152cf   Thumb Code    16  asmmisc_rvds.o(.text)
    xmp3_PolyphaseStereo                     0x080152e1   Thumb Code  1308  asmpoly_thumb2_rvds.o(.text)
    xmp3_PolyphaseMono                       0x080157fd   Thumb Code   754  asmpoly_thumb2_rvds.o(.text)
    audio_start                              0x08015af1   Thumb Code    14  audioplay.o(.text)
    audio_stop                               0x08015aff   Thumb Code    14  audioplay.o(.text)
    audio_get_tnum                           0x08015b0d   Thumb Code   116  audioplay.o(.text)
    audio_index_show                         0x08015b81   Thumb Code    64  audioplay.o(.text)
    audio_msg_show                           0x08015bc1   Thumb Code   242  audioplay.o(.text)
    audio_play_song                          0x08015cb3   Thumb Code    60  audioplay.o(.text)
    audio_play                               0x08015cef   Thumb Code   366  audioplay.o(.text)
    USB_OTG_WritePacket                      0x08015f35   Thumb Code    64  usb_core.o(.text)
    USB_OTG_ReadPacket                       0x08015f75   Thumb Code    40  usb_core.o(.text)
    USB_OTG_SelectCore                       0x08015f9d   Thumb Code   204  usb_core.o(.text)
    USB_OTG_CoreInit                         0x08016069   Thumb Code   294  usb_core.o(.text)
    USB_OTG_EnableGlobalInt                  0x0801618f   Thumb Code    34  usb_core.o(.text)
    USB_OTG_DisableGlobalInt                 0x080161b1   Thumb Code    34  usb_core.o(.text)
    USB_OTG_FlushTxFifo                      0x080161d3   Thumb Code    80  usb_core.o(.text)
    USB_OTG_FlushRxFifo                      0x08016223   Thumb Code    70  usb_core.o(.text)
    USB_OTG_SetCurrentMode                   0x08016269   Thumb Code    78  usb_core.o(.text)
    USB_OTG_GetMode                          0x080162b7   Thumb Code    22  usb_core.o(.text)
    USB_OTG_IsDeviceMode                     0x080162cd   Thumb Code    22  usb_core.o(.text)
    USB_OTG_IsHostMode                       0x080162e3   Thumb Code    20  usb_core.o(.text)
    USB_OTG_ReadCoreItr                      0x080162f7   Thumb Code    16  usb_core.o(.text)
    USB_OTG_ReadOtgItr                       0x08016307   Thumb Code     8  usb_core.o(.text)
    USB_OTG_EnableHostInt                    0x0801630f   Thumb Code   116  usb_core.o(.text)
    USB_OTG_ReadHPRT0                        0x08016383   Thumb Code    48  usb_core.o(.text)
    USB_OTG_DriveVbus                        0x080163b3   Thumb Code    92  usb_core.o(.text)
    USB_OTG_ResetPort                        0x0801640f   Thumb Code    64  usb_core.o(.text)
    USB_OTG_InitFSLSPClkSel                  0x0801644f   Thumb Code    24  usb_core.o(.text)
    USB_OTG_CoreInitHost                     0x08016467   Thumb Code   214  usb_core.o(.text)
    USB_OTG_IsEvenFrame                      0x0801653d   Thumb Code    16  usb_core.o(.text)
    USB_OTG_ReadHostAllChannels_intr         0x0801654d   Thumb Code     8  usb_core.o(.text)
    USB_OTG_HC_Init                          0x08016555   Thumb Code   568  usb_core.o(.text)
    USB_OTG_HC_StartXfer                     0x0801678d   Thumb Code   502  usb_core.o(.text)
    USB_OTG_HC_Halt                          0x08016983   Thumb Code   130  usb_core.o(.text)
    USB_OTG_HC_DoPing                        0x08016a05   Thumb Code    90  usb_core.o(.text)
    USB_OTG_StopHost                         0x08016a5f   Thumb Code    96  usb_core.o(.text)
    HCD_Init                                 0x08016abf   Thumb Code    96  usb_hcd.o(.text)
    HCD_GetCurrentSpeed                      0x08016b1f   Thumb Code    20  usb_hcd.o(.text)
    HCD_ResetPort                            0x08016b33   Thumb Code    14  usb_hcd.o(.text)
    HCD_IsDeviceConnected                    0x08016b41   Thumb Code     8  usb_hcd.o(.text)
    HCD_GetCurrentFrame                      0x08016b49   Thumb Code    10  usb_hcd.o(.text)
    HCD_GetURB_State                         0x08016b53   Thumb Code    10  usb_hcd.o(.text)
    HCD_GetXferCnt                           0x08016b5d   Thumb Code    12  usb_hcd.o(.text)
    HCD_GetHCState                           0x08016b69   Thumb Code    10  usb_hcd.o(.text)
    HCD_HC_Init                              0x08016b73   Thumb Code    16  usb_hcd.o(.text)
    HCD_SubmitRequest                        0x08016b83   Thumb Code    32  usb_hcd.o(.text)
    USBH_OTG_ISR_Handler                     0x0801796b   Thumb Code   168  usb_hcd_int.o(.text)
    USBH_Connected                           0x08017a19   Thumb Code    12  usbh_core.o(.text)
    USBH_Disconnected                        0x08017a25   Thumb Code    12  usbh_core.o(.text)
    USBH_SOF                                 0x08017a31   Thumb Code     6  usbh_core.o(.text)
    USBH_DeInit                              0x08017a37   Thumb Code    58  usbh_core.o(.text)
    USBH_Init                                0x08017a71   Thumb Code    70  usbh_core.o(.text)
    USBH_HandleControl                       0x08017ab7   Thumb Code   544  usbh_core.o(.text)
    USBH_ErrorHandle                         0x08017cd7   Thumb Code    46  usbh_core.o(.text)
    USBH_Process                             0x08017edd   Thumb Code   428  usbh_core.o(.text)
    USBH_Open_Channel                        0x08018089   Thumb Code   154  usbh_hcs.o(.text)
    USBH_Modify_Channel                      0x08018123   Thumb Code   100  usbh_hcs.o(.text)
    USBH_Alloc_Channel                       0x080181af   Thumb Code    38  usbh_hcs.o(.text)
    USBH_Free_Channel                        0x080181d5   Thumb Code    30  usbh_hcs.o(.text)
    USBH_DeAllocate_AllChannel               0x080181f3   Thumb Code    28  usbh_hcs.o(.text)
    USBH_CtlReq                              0x08018227   Thumb Code   100  usbh_ioreq.o(.text)
    USBH_CtlSendSetup                        0x0801828b   Thumb Code    66  usbh_ioreq.o(.text)
    USBH_CtlSendData                         0x080182cd   Thumb Code   110  usbh_ioreq.o(.text)
    USBH_CtlReceiveData                      0x0801833b   Thumb Code    70  usbh_ioreq.o(.text)
    USBH_BulkSendData                        0x08018381   Thumb Code    94  usbh_ioreq.o(.text)
    USBH_BulkReceiveData                     0x080183df   Thumb Code    96  usbh_ioreq.o(.text)
    USBH_InterruptReceiveData                0x0801843f   Thumb Code   120  usbh_ioreq.o(.text)
    USBH_InterruptSendData                   0x080184b7   Thumb Code   118  usbh_ioreq.o(.text)
    USBH_IsocReceiveData                     0x0801852d   Thumb Code    70  usbh_ioreq.o(.text)
    USBH_IsocSendData                        0x08018573   Thumb Code    68  usbh_ioreq.o(.text)
    USBH_GetDescriptor                       0x08018611   Thumb Code    68  usbh_stdreq.o(.text)
    USBH_Get_DevDesc                         0x08018655   Thumb Code    56  usbh_stdreq.o(.text)
    USBH_GetNextDesc                         0x080186d3   Thumb Code    18  usbh_stdreq.o(.text)
    USBH_Get_CfgDesc                         0x080187fb   Thumb Code    88  usbh_stdreq.o(.text)
    USBH_Get_StringDesc                      0x08018889   Thumb Code    60  usbh_stdreq.o(.text)
    USBH_SetAddress                          0x080188c5   Thumb Code    38  usbh_stdreq.o(.text)
    USBH_SetCfg                              0x080188eb   Thumb Code    38  usbh_stdreq.o(.text)
    USBH_SetInterface                        0x08018911   Thumb Code    44  usbh_stdreq.o(.text)
    USBH_ClrFeature                          0x0801893d   Thumb Code    76  usbh_stdreq.o(.text)
    USBH_MSC_Init                            0x08018995   Thumb Code    44  usbh_msc_bot.o(.text)
    USBH_MSC_BOT_Abort                       0x080189c1   Thumb Code    86  usbh_msc_bot.o(.text)
    USBH_MSC_DecodeCSW                       0x08018a17   Thumb Code   108  usbh_msc_bot.o(.text)
    USBH_MSC_HandleBOTXfer                   0x08018a83   Thumb Code   866  usbh_msc_bot.o(.text)
    USBH_MSC_ErrorHandle                     0x08018f09   Thumb Code    58  usbh_msc_core.o(.text)
    USBH_MSC_TestUnitReady                   0x08019135   Thumb Code   162  usbh_msc_scsi.o(.text)
    USBH_MSC_ReadCapacity10                  0x080191d7   Thumb Code   202  usbh_msc_scsi.o(.text)
    USBH_MSC_ModeSense6                      0x080192a1   Thumb Code   192  usbh_msc_scsi.o(.text)
    USBH_MSC_RequestSense                    0x08019361   Thumb Code   208  usbh_msc_scsi.o(.text)
    USBH_MSC_Write10                         0x08019431   Thumb Code   218  usbh_msc_scsi.o(.text)
    USBH_MSC_Read10                          0x0801950b   Thumb Code   272  usbh_msc_scsi.o(.text)
    USB_OTG_BSP_Init                         0x08019629   Thumb Code   112  usb_bsp.o(.text)
    USB_OTG_BSP_EnableInterrupt              0x08019699   Thumb Code    36  usb_bsp.o(.text)
    USB_OTG_BSP_DisableInterrupt             0x080196bd   Thumb Code     2  usb_bsp.o(.text)
    USB_OTG_BSP_DriveVBUS                    0x080196bf   Thumb Code     2  usb_bsp.o(.text)
    USB_OTG_BSP_ConfigVBUS                   0x080196c1   Thumb Code     2  usb_bsp.o(.text)
    USB_OTG_BSP_uDelay                       0x080196c3   Thumb Code    12  usb_bsp.o(.text)
    USB_OTG_BSP_mDelay                       0x080196cf   Thumb Code    12  usb_bsp.o(.text)
    OTG_FS_IRQHandler                        0x080196e5   Thumb Code    10  usbh_usr.o(.text)
    USBH_USR_Init                            0x080196ef   Thumb Code    22  usbh_usr.o(.text)
    USBH_USR_DeviceAttached                  0x08019705   Thumb Code    16  usbh_usr.o(.text)
    USBH_USR_DeviceDisconnected              0x08019715   Thumb Code    16  usbh_usr.o(.text)
    USBH_USR_ResetDevice                     0x08019725   Thumb Code    10  usbh_usr.o(.text)
    USBH_USR_DeviceSpeedDetected             0x0801972f   Thumb Code    46  usbh_usr.o(.text)
    USBH_USR_Device_DescAvailable            0x0801975d   Thumb Code    24  usbh_usr.o(.text)
    USBH_USR_DeviceAddressAssigned           0x08019775   Thumb Code    10  usbh_usr.o(.text)
    USBH_USR_Configuration_DescAvailable     0x0801977f   Thumb Code    42  usbh_usr.o(.text)
    USBH_USR_Manufacturer_String             0x080197a9   Thumb Code    14  usbh_usr.o(.text)
    USBH_USR_Product_String                  0x080197b7   Thumb Code    14  usbh_usr.o(.text)
    USBH_USR_SerialNum_String                0x080197c5   Thumb Code    14  usbh_usr.o(.text)
    USBH_USR_EnumerationDone                 0x080197d3   Thumb Code    10  usbh_usr.o(.text)
    USBH_USR_DeviceNotSupported              0x080197dd   Thumb Code    10  usbh_usr.o(.text)
    USBH_USR_UserInput                       0x080197e7   Thumb Code    12  usbh_usr.o(.text)
    USBH_USR_OverCurrentDetected             0x080197f3   Thumb Code    10  usbh_usr.o(.text)
    USBH_USR_MSC_Application                 0x080197fd   Thumb Code    56  usbh_usr.o(.text)
    USBH_USR_DeInit                          0x08019835   Thumb Code     8  usbh_usr.o(.text)
    USBH_USR_UnrecoveredError                0x0801983d   Thumb Code    10  usbh_usr.o(.text)
    USBH_UDISK_Status                        0x08019847   Thumb Code    12  usbh_usr.o(.text)
    USBH_UDISK_Read                          0x08019853   Thumb Code    82  usbh_usr.o(.text)
    USBH_UDISK_Write                         0x080198a5   Thumb Code    82  usbh_usr.o(.text)
    __use_no_semihosting                     0x08019af1   Thumb Code     2  use_no_semi_2.o(.text)
    __aeabi_ldivmod                          0x08019af3   Thumb Code     0  llsdiv.o(.text)
    _ll_sdiv                                 0x08019af3   Thumb Code    72  llsdiv.o(.text)
    __2printf                                0x08019b3d   Thumb Code    20  noretval__2printf.o(.text)
    _printf_pre_padding                      0x08019b55   Thumb Code    44  _printf_pad.o(.text)
    _printf_post_padding                     0x08019b81   Thumb Code    34  _printf_pad.o(.text)
    _printf_str                              0x08019ba3   Thumb Code    82  _printf_str.o(.text)
    _printf_int_dec                          0x08019bf5   Thumb Code   104  _printf_dec.o(.text)
    _printf_int_hex                          0x08019c6d   Thumb Code    84  _printf_hex_int.o(.text)
    _printf_longlong_hex                     0x08019c6d   Thumb Code     0  _printf_hex_int.o(.text)
    __printf                                 0x08019cc5   Thumb Code   388  __printf_flags_ss_wp.o(.text)
    strcpy                                   0x08019e4d   Thumb Code    72  strcpy.o(.text)
    strlen                                   0x08019e95   Thumb Code    62  strlen.o(.text)
    strncmp                                  0x08019ed3   Thumb Code   150  strncmp.o(.text)
    strcat                                   0x08019f69   Thumb Code    24  strcat.o(.text)
    __aeabi_memcpy                           0x08019f81   Thumb Code     0  rt_memcpy_v6.o(.text)
    __rt_memcpy                              0x08019f81   Thumb Code   138  rt_memcpy_v6.o(.text)
    _memcpy_lastbytes                        0x08019fe7   Thumb Code     0  rt_memcpy_v6.o(.text)
    __aeabi_memmove                          0x0801a00b   Thumb Code     0  rt_memmove_v6.o(.text)
    __rt_memmove                             0x0801a00b   Thumb Code   132  rt_memmove_v6.o(.text)
    __memmove_lastfew                        0x0801a06b   Thumb Code     0  rt_memmove_v6.o(.text)
    __aeabi_memclr                           0x0801a08f   Thumb Code     0  rt_memclr.o(.text)
    __rt_memclr                              0x0801a08f   Thumb Code    68  rt_memclr.o(.text)
    _memset                                  0x0801a093   Thumb Code     0  rt_memclr.o(.text)
    strncpy                                  0x0801a0d3   Thumb Code    86  strncpy.o(.text)
    strcmp                                   0x0801a129   Thumb Code   128  strcmpv7m.o(.text)
    __use_two_region_memory                  0x0801a1a9   Thumb Code     2  heapauxi.o(.text)
    __rt_heap_escrow$2region                 0x0801a1ab   Thumb Code     2  heapauxi.o(.text)
    __rt_heap_expand$2region                 0x0801a1ad   Thumb Code     2  heapauxi.o(.text)
    __I$use$semihosting                      0x0801a1af   Thumb Code     0  use_no_semi.o(.text)
    __use_no_semihosting_swi                 0x0801a1af   Thumb Code     2  use_no_semi.o(.text)
    __aeabi_uldivmod                         0x0801a1b1   Thumb Code     0  lludivv7m.o(.text)
    _ll_udiv                                 0x0801a1b1   Thumb Code   238  lludivv7m.o(.text)
    _printf_int_common                       0x0801a29f   Thumb Code   178  _printf_intcommon.o(.text)
    _printf_cs_common                        0x0801a351   Thumb Code    20  _printf_char.o(.text)
    _printf_char                             0x0801a365   Thumb Code    16  _printf_char.o(.text)
    _printf_string                           0x0801a375   Thumb Code     8  _printf_char.o(.text)
    _printf_char_file                        0x0801a37d   Thumb Code    32  _printf_char_file.o(.text)
    __aeabi_memcpy4                          0x0801a3a1   Thumb Code     0  rt_memcpy_w.o(.text)
    __aeabi_memcpy8                          0x0801a3a1   Thumb Code     0  rt_memcpy_w.o(.text)
    __rt_memcpy_w                            0x0801a3a1   Thumb Code   100  rt_memcpy_w.o(.text)
    _memcpy_lastbytes_aligned                0x0801a3e9   Thumb Code     0  rt_memcpy_w.o(.text)
    __aeabi_memmove4                         0x0801a405   Thumb Code     0  rt_memmove_w.o(.text)
    __aeabi_memmove8                         0x0801a405   Thumb Code     0  rt_memmove_w.o(.text)
    __rt_memmove_w                           0x0801a405   Thumb Code   122  rt_memmove_w.o(.text)
    __memmove_aligned                        0x0801a42b   Thumb Code     0  rt_memmove_w.o(.text)
    __memmove_lastfew_aligned                0x0801a463   Thumb Code     0  rt_memmove_w.o(.text)
    __aeabi_memclr4                          0x0801a47f   Thumb Code     0  rt_memclr_w.o(.text)
    __aeabi_memclr8                          0x0801a47f   Thumb Code     0  rt_memclr_w.o(.text)
    __rt_memclr_w                            0x0801a47f   Thumb Code    78  rt_memclr_w.o(.text)
    _memset_w                                0x0801a483   Thumb Code     0  rt_memclr_w.o(.text)
    _printf_char_common                      0x0801a4d7   Thumb Code    32  _printf_char_common.o(.text)
    ferror                                   0x0801a4fd   Thumb Code     8  ferror.o(.text)
    __user_setup_stackheap                   0x0801a505   Thumb Code    74  sys_stackheap_outer.o(.text)
    exit                                     0x0801a54f   Thumb Code    12  exit.o(.text)
    __user_libspace                          0x0801a55d   Thumb Code     8  libspace.o(.text)
    __user_perproc_libspace                  0x0801a55d   Thumb Code     0  libspace.o(.text)
    __user_perthread_libspace                0x0801a55d   Thumb Code     0  libspace.o(.text)
    _is_digit                                0x0801a565   Thumb Code    14  __printf_wp.o(i._is_digit)
    __aeabi_d2uiz                            0x0801a575   Thumb Code     0  dfixu.o(x$fpl$dfixu)
    _dfixu                                   0x0801a575   Thumb Code    90  dfixu.o(x$fpl$dfixu)
    __aeabi_ui2d                             0x0801a5cf   Thumb Code     0  dflt_clz.o(x$fpl$dfltu)
    _dfltu                                   0x0801a5cf   Thumb Code    38  dflt_clz.o(x$fpl$dfltu)
    __aeabi_dmul                             0x0801a5f5   Thumb Code     0  dmul.o(x$fpl$dmul)
    _dmul                                    0x0801a5f5   Thumb Code   332  dmul.o(x$fpl$dmul)
    __fpl_dnaninf                            0x0801a749   Thumb Code   156  dnaninf.o(x$fpl$dnaninf)
    __fpl_dretinf                            0x0801a7e5   Thumb Code    12  dretinf.o(x$fpl$dretinf)
    _fp_init                                 0x0801a7f1   Thumb Code    10  fpinit.o(x$fpl$fpinit)
    __fplib_config_fpu_vfp                   0x0801a7f9   Thumb Code     0  fpinit.o(x$fpl$fpinit)
    __fplib_config_pureend_doubles           0x0801a7f9   Thumb Code     0  fpinit.o(x$fpl$fpinit)
    __I$use$fp                               0x0801a7fa   Number         0  usenofp.o(x$fpl$usenofp)
    asc2_1206                                0x0801a7fa   Data        1140  lcd.o(.constdata)
    asc2_1608                                0x0801ac6e   Data        1520  lcd.o(.constdata)
    asc2_2412                                0x0801b25e   Data        3420  lcd.o(.constdata)
    I2S_PSC_TBL                              0x0801bfba   Data         110  i2s.o(.constdata)
    FSMC_DefaultTimingStruct                 0x0801c028   Data          28  stm32f4xx_fsmc.o(.constdata)
    memtblsize                               0x0801c044   Data          12  malloc.o(.constdata)
    memblksize                               0x0801c050   Data          12  malloc.o(.constdata)
    memsize                                  0x0801c05c   Data          12  malloc.o(.constdata)
    FILE_TYPE_TBL                            0x0801c0a4   Data         112  exfuns.o(.constdata)
    GBK24_PATH                               0x0801c4d4   Data           4  fontupd.o(.constdata)
    GBK16_PATH                               0x0801c4d8   Data           4  fontupd.o(.constdata)
    GBK12_PATH                               0x0801c4dc   Data           4  fontupd.o(.constdata)
    UNIGBK_PATH                              0x0801c4e0   Data           4  fontupd.o(.constdata)
    xmp3_huffTable                           0x0801c7f4   Data        8484  hufftabs.o(.constdata)
    xmp3_huffTabOffset                       0x0801e918   Data         128  hufftabs.o(.constdata)
    xmp3_huffTabLookup                       0x0801e998   Data         256  hufftabs.o(.constdata)
    xmp3_quadTable                           0x0801ea98   Data          80  hufftabs.o(.constdata)
    xmp3_quadTabOffset                       0x0801eae8   Data           8  hufftabs.o(.constdata)
    xmp3_quadTabMaxBits                      0x0801eaf0   Data           8  hufftabs.o(.constdata)
    xmp3_samplerateTab                       0x0801eb70   Data          36  mp3tabs.o(.constdata)
    xmp3_bitrateTab                          0x0801eb94   Data         270  mp3tabs.o(.constdata)
    xmp3_samplesPerFrameTab                  0x0801eca2   Data          18  mp3tabs.o(.constdata)
    xmp3_bitsPerSlotTab                      0x0801ecb4   Data           6  mp3tabs.o(.constdata)
    xmp3_sideBytesTab                        0x0801ecba   Data          12  mp3tabs.o(.constdata)
    xmp3_slotTab                             0x0801ecc6   Data         270  mp3tabs.o(.constdata)
    xmp3_sfBandTable                         0x0801edd4   Data         666  mp3tabs.o(.constdata)
    xmp3_imdctWin                            0x0801f0d8   Data         576  trigtabs.o(.constdata)
    xmp3_ISFMpeg1                            0x0801f318   Data          56  trigtabs.o(.constdata)
    xmp3_ISFMpeg2                            0x0801f350   Data         256  trigtabs.o(.constdata)
    xmp3_ISFIIP                              0x0801f450   Data          16  trigtabs.o(.constdata)
    xmp3_uniqueIDTab                         0x0801f460   Data           8  trigtabs.o(.constdata)
    xmp3_csa                                 0x0801f468   Data          64  trigtabs.o(.constdata)
    xmp3_coef32                              0x0801f4a8   Data         124  trigtabs.o(.constdata)
    xmp3_polyCoef                            0x0801f524   Data        1056  trigtabs.o(.constdata)
    Region$$Table$$Base                      0x0801fc18   Number         0  anon$$obj.o(Region$$Table)
    Region$$Table$$Limit                     0x0801fc38   Number         0  anon$$obj.o(Region$$Table)
    mem3base                                 0x10000000   Data       61440  malloc.o(.ARM.__AT_0x10000000)
    mem3mapbase                              0x1000f000   Data        3840  malloc.o(.ARM.__AT_0x1000F000)
    SystemCoreClock                          0x20000000   Data           4  system_stm32f4xx.o(.data)
    AHBPrescTable                            0x20000004   Data          16  system_stm32f4xx.o(.data)
    POINT_COLOR                              0x20000014   Data           2  lcd.o(.data)
    BACK_COLOR                               0x20000016   Data           2  lcd.o(.data)
    W25QXX_TYPE                              0x2000001a   Data           2  w25qxx.o(.data)
    TransferError                            0x20000026   Data           1  sdio_sdcard.o(.data)
    TransferEnd                              0x20000027   Data           1  sdio_sdcard.o(.data)
    tempbuff                                 0x20000028   Data           4  sdio_sdcard.o(.data)
    i2s_tx_callback                          0x2000002c   Data           4  i2s.o(.data)
    __stdout                                 0x200000a8   Data           4  usart.o(.data)
    USART_RX_STA                             0x200000ac   Data           2  usart.o(.data)
    mallco_dev                               0x200000c0   Data          36  malloc.o(.data)
    sys_cmd_tab                              0x200000e4   Data          28  usmart.o(.data)
    usmart_nametab                           0x20000100   Data         104  usmart_config.o(.data)
    usmart_dev                               0x20000168   Data         244  usmart_config.o(.data)
    FLASH_SECTOR_COUNT                       0x2000025c   Data           2  diskio.o(.data)
    file                                     0x20000260   Data           4  exfuns.o(.data)
    ftemp                                    0x20000264   Data           4  exfuns.o(.data)
    br                                       0x20000268   Data           4  exfuns.o(.data)
    bw                                       0x2000026c   Data           4  exfuns.o(.data)
    fatbuf                                   0x20000270   Data           4  exfuns.o(.data)
    wavtransferend                           0x20000274   Data           1  wavplay.o(.data)
    wavwitchbuf                              0x20000275   Data           1  wavplay.o(.data)
    mp3ctrl                                  0x20000278   Data           4  mp3play.o(.data)
    mp3transferend                           0x2000027c   Data           1  mp3play.o(.data)
    mp3witchbuf                              0x2000027d   Data           1  mp3play.o(.data)
    USBH_HCD_INT_cb                          0x20000280   Data          12  usbh_core.o(.data)
    USBH_HCD_INT_fops                        0x2000028c   Data           4  usbh_core.o(.data)
    MSC_Setup                                0x200002ac   Data           8  usbh_msc_core.o(.data)
    MSCErrorCount                            0x200002b4   Data           1  usbh_msc_core.o(.data)
    USBH_MSC_cb                              0x200002b8   Data          16  usbh_msc_core.o(.data)
    USR_Callbacks                            0x200002d0   Data          72  usbh_usr.o(.data)
    USB_Host                                 0x20000318   Data         148  main.o(.bss)
    USB_OTG_Core                             0x200003ac   Data        1452  main.o(.bss)
    lcddev                                   0x20000958   Data          14  lcd.o(.bss)
    W25QXX_BUFFER                            0x20000966   Data        4096  w25qxx.o(.bss)
    SDIO_InitStructure                       0x20001968   Data          24  sdio_sdcard.o(.bss)
    SDIO_CmdInitStructure                    0x20001980   Data          20  sdio_sdcard.o(.bss)
    SDIO_DataInitStructure                   0x20001994   Data          24  sdio_sdcard.o(.bss)
    SDCardInfo                               0x200019d0   Data          88  sdio_sdcard.o(.bss)
    SDIO_DATA_BUFFER                         0x20001a28   Data         512  sdio_sdcard.o(.bss)
    USART_RX_BUF                             0x20001c28   Data         200  usart.o(.bss)
    mem1base                                 0x20001d00   Data       102400  malloc.o(.bss)
    mem1mapbase                              0x2001ad00   Data        6400  malloc.o(.bss)
    fs                                       0x2001c60c   Data          12  exfuns.o(.bss)
    fileinfo                                 0x2001c618   Data          32  exfuns.o(.bss)
    dir                                      0x2001c638   Data          36  exfuns.o(.bss)
    ftinfo                                   0x2001c65c   Data          33  fontupd.o(.bss)
    wavctrl                                  0x2001c67d   Data          32  wavplay.o(.bss)
    audiodev                                 0x2001c69d   Data          60  audioplay.o(.bss)
    USBH_CfgDesc                             0x2001c6d9   Data         512  usbh_stdreq.o(.bss)
    USBH_MSC_CBWData                         0x2001c8dc   Data          32  usbh_msc_bot.o(.bss)
    USBH_MSC_CSWData                         0x2001c8fc   Data          16  usbh_msc_bot.o(.bss)
    USBH_MSC_BOTXferParam                    0x2001c90c   Data          16  usbh_msc_bot.o(.bss)
    MSC_Machine                              0x2001c91c   Data          74  usbh_msc_core.o(.bss)
    USBH_MSC_Param                           0x2001c968   Data          16  usbh_msc_scsi.o(.bss)
    USBH_DataInBuffer                        0x2001c978   Data         512  usbh_msc_scsi.o(.bss)
    USBH_DataOutBuffer                       0x2001cb78   Data         512  usbh_msc_scsi.o(.bss)
    __libspace_start                         0x2001cd78   Data          96  libspace.o(.bss)
    __temporary_stack_top$libspace           0x2001cdd8   Data           0  libspace.o(.bss)
    mem2base                                 0x68000000   Data       983040  malloc.o(.ARM.__AT_0x68000000)
    mem2mapbase                              0x680f0000   Data       61440  malloc.o(.ARM.__AT_0x680F0000)



==============================================================================

Memory Map of the image

  Image Entry point : 0x08000189

  Load Region LR_IROM1 (Base: 0x08000000, Size: 0x0001ff50, Max: 0x00100000, ABSOLUTE, COMPRESSED[0x0001fd88])

    Execution Region ER_IROM1 (Base: 0x08000000, Size: 0x0001fc38, Max: 0x00100000, ABSOLUTE)

    Base Addr    Size         Type   Attr      Idx    E Section Name        Object

    0x08000000   0x00000188   Data   RO          697    RESET               startup_stm32f40_41xxx.o
    0x08000188   0x00000008   Code   RO         1871  * !!!main             c_w.l(__main.o)
    0x08000190   0x00000034   Code   RO         2077    !!!scatter          c_w.l(__scatter.o)
    0x080001c4   0x0000005a   Code   RO         2075    !!dczerorl2         c_w.l(__dczerorl2.o)
    0x0800021e   0x00000002   PAD
    0x08000220   0x0000001c   Code   RO         2079    !!handler_zi        c_w.l(__scatter_zi.o)
    0x0800023c   0x00000000   Code   RO         1850    .ARM.Collect$$_printf_percent$$00000000  c_w.l(_printf_percent.o)
    0x0800023c   0x00000006   Code   RO         1848    .ARM.Collect$$_printf_percent$$00000009  c_w.l(_printf_d.o)
    0x08000242   0x00000006   Code   RO         1849    .ARM.Collect$$_printf_percent$$0000000A  c_w.l(_printf_u.o)
    0x08000248   0x00000006   Code   RO         1847    .ARM.Collect$$_printf_percent$$0000000C  c_w.l(_printf_x.o)
    0x0800024e   0x00000006   Code   RO         1845    .ARM.Collect$$_printf_percent$$00000013  c_w.l(_printf_c.o)
    0x08000254   0x00000006   Code   RO         1846    .ARM.Collect$$_printf_percent$$00000014  c_w.l(_printf_s.o)
    0x0800025a   0x00000004   Code   RO         1896    .ARM.Collect$$_printf_percent$$00000017  c_w.l(_printf_percent_end.o)
    0x0800025e   0x00000002   Code   RO         1946    .ARM.Collect$$libinit$$00000000  c_w.l(libinit.o)
    0x08000260   0x00000004   Code   RO         1956    .ARM.Collect$$libinit$$00000001  c_w.l(libinit2.o)
    0x08000264   0x00000000   Code   RO         1959    .ARM.Collect$$libinit$$00000004  c_w.l(libinit2.o)
    0x08000264   0x00000000   Code   RO         1962    .ARM.Collect$$libinit$$0000000A  c_w.l(libinit2.o)
    0x08000264   0x00000000   Code   RO         1964    .ARM.Collect$$libinit$$0000000C  c_w.l(libinit2.o)
    0x08000264   0x00000000   Code   RO         1966    .ARM.Collect$$libinit$$0000000E  c_w.l(libinit2.o)
    0x08000264   0x00000000   Code   RO         1969    .ARM.Collect$$libinit$$00000011  c_w.l(libinit2.o)
    0x08000264   0x00000000   Code   RO         1971    .ARM.Collect$$libinit$$00000013  c_w.l(libinit2.o)
    0x08000264   0x00000000   Code   RO         1973    .ARM.Collect$$libinit$$00000015  c_w.l(libinit2.o)
    0x08000264   0x00000000   Code   RO         1975    .ARM.Collect$$libinit$$00000017  c_w.l(libinit2.o)
    0x08000264   0x00000000   Code   RO         1977    .ARM.Collect$$libinit$$00000019  c_w.l(libinit2.o)
    0x08000264   0x00000000   Code   RO         1979    .ARM.Collect$$libinit$$0000001B  c_w.l(libinit2.o)
    0x08000264   0x00000000   Code   RO         1981    .ARM.Collect$$libinit$$0000001D  c_w.l(libinit2.o)
    0x08000264   0x00000000   Code   RO         1983    .ARM.Collect$$libinit$$0000001F  c_w.l(libinit2.o)
    0x08000264   0x00000000   Code   RO         1985    .ARM.Collect$$libinit$$00000021  c_w.l(libinit2.o)
    0x08000264   0x00000000   Code   RO         1987    .ARM.Collect$$libinit$$00000023  c_w.l(libinit2.o)
    0x08000264   0x00000000   Code   RO         1989    .ARM.Collect$$libinit$$00000025  c_w.l(libinit2.o)
    0x08000264   0x00000000   Code   RO         1993    .ARM.Collect$$libinit$$0000002C  c_w.l(libinit2.o)
    0x08000264   0x00000000   Code   RO         1995    .ARM.Collect$$libinit$$0000002E  c_w.l(libinit2.o)
    0x08000264   0x00000000   Code   RO         1997    .ARM.Collect$$libinit$$00000030  c_w.l(libinit2.o)
    0x08000264   0x00000000   Code   RO         1999    .ARM.Collect$$libinit$$00000032  c_w.l(libinit2.o)
    0x08000264   0x00000002   Code   RO         2000    .ARM.Collect$$libinit$$00000033  c_w.l(libinit2.o)
    0x08000266   0x00000002   Code   RO         2028    .ARM.Collect$$libshutdown$$00000000  c_w.l(libshutdown.o)
    0x08000268   0x00000000   Code   RO         2043    .ARM.Collect$$libshutdown$$00000003  c_w.l(libshutdown2.o)
    0x08000268   0x00000000   Code   RO         2046    .ARM.Collect$$libshutdown$$00000006  c_w.l(libshutdown2.o)
    0x08000268   0x00000000   Code   RO         2049    .ARM.Collect$$libshutdown$$00000009  c_w.l(libshutdown2.o)
    0x08000268   0x00000000   Code   RO         2051    .ARM.Collect$$libshutdown$$0000000B  c_w.l(libshutdown2.o)
    0x08000268   0x00000000   Code   RO         2054    .ARM.Collect$$libshutdown$$0000000E  c_w.l(libshutdown2.o)
    0x08000268   0x00000002   Code   RO         2055    .ARM.Collect$$libshutdown$$0000000F  c_w.l(libshutdown2.o)
    0x0800026a   0x00000000   Code   RO         1887    .ARM.Collect$$rtentry$$00000000  c_w.l(__rtentry.o)
    0x0800026a   0x00000000   Code   RO         1909    .ARM.Collect$$rtentry$$00000002  c_w.l(__rtentry2.o)
    0x0800026a   0x00000006   Code   RO         1921    .ARM.Collect$$rtentry$$00000004  c_w.l(__rtentry4.o)
    0x08000270   0x00000000   Code   RO         1911    .ARM.Collect$$rtentry$$00000009  c_w.l(__rtentry2.o)
    0x08000270   0x00000004   Code   RO         1912    .ARM.Collect$$rtentry$$0000000A  c_w.l(__rtentry2.o)
    0x08000274   0x00000000   Code   RO         1914    .ARM.Collect$$rtentry$$0000000C  c_w.l(__rtentry2.o)
    0x08000274   0x00000008   Code   RO         1915    .ARM.Collect$$rtentry$$0000000D  c_w.l(__rtentry2.o)
    0x0800027c   0x00000002   Code   RO         1950    .ARM.Collect$$rtexit$$00000000  c_w.l(rtexit.o)
    0x0800027e   0x00000000   Code   RO         2002    .ARM.Collect$$rtexit$$00000002  c_w.l(rtexit2.o)
    0x0800027e   0x00000004   Code   RO         2003    .ARM.Collect$$rtexit$$00000003  c_w.l(rtexit2.o)
    0x08000282   0x00000006   Code   RO         2004    .ARM.Collect$$rtexit$$00000004  c_w.l(rtexit2.o)
    0x08000288   0x00000010   Code   RO          648    .emb_text           sys.o
    0x08000298   0x000002fc   Code   RO            3    .text               main.o
    0x08000594   0x0000001a   Code   RO          293    .text               stm32f4xx_it.o
    0x080005ae   0x00000002   PAD
    0x080005b0   0x00000210   Code   RO          342    .text               system_stm32f4xx.o
    0x080007c0   0x00000070   Code   RO          368    .text               led.o
    0x08000830   0x00004c80   Code   RO          388    .text               lcd.o
    0x080054b0   0x00000104   Code   RO          426    .text               key.o
    0x080055b4   0x00000118   Code   RO          447    .text               spi.o
    0x080056cc   0x00000388   Code   RO          470    .text               w25qxx.o
    0x08005a54   0x00001d60   Code   RO          497    .text               sdio_sdcard.o
    0x080077b4   0x0000025c   Code   RO          531    .text               myiic.o
    0x08007a10   0x000001e0   Code   RO          577    .text               i2s.o
    0x08007bf0   0x00000424   Code   RO          604    .text               wm8978.o
    0x08008014   0x00000104   Code   RO          626    .text               delay.o
    0x08008118   0x0000014c   Code   RO          666    .text               usart.o
    0x08008264   0x00000040   Code   RO          698    .text               startup_stm32f40_41xxx.o
    0x080082a4   0x000000e0   Code   RO          704    .text               misc.o
    0x08008384   0x00000294   Code   RO          724    .text               stm32f4xx_gpio.o
    0x08008618   0x000005c8   Code   RO          744    .text               stm32f4xx_fsmc.o
    0x08008be0   0x0000065c   Code   RO          767    .text               stm32f4xx_rcc.o
    0x0800923c   0x00000454   Code   RO          789    .text               stm32f4xx_usart.o
    0x08009690   0x00000ca2   Code   RO          809    .text               stm32f4xx_tim.o
    0x0800a332   0x00000002   PAD
    0x0800a334   0x00000480   Code   RO          849    .text               stm32f4xx_spi.o
    0x0800a7b4   0x000001dc   Code   RO          869    .text               stm32f4xx_sdio.o
    0x0800a990   0x000003a8   Code   RO          889    .text               stm32f4xx_dma.o
    0x0800ad38   0x0000022c   Code   RO          909    .text               malloc.o
    0x0800af64   0x00000c34   Code   RO          941    .text               usmart.o
    0x0800bb98   0x00000528   Code   RO          986    .text               usmart_str.o
    0x0800c0c0   0x00000280   Code   RO         1006    .text               diskio.o
    0x0800c340   0x0000329a   Code   RO         1047    .text               ff.o
    0x0800f5da   0x00000002   PAD
    0x0800f5dc   0x00000198   Code   RO         1068    .text               exfuns.o
    0x0800f774   0x000000cc   Code   RO         1127    .text               mycc936.o
    0x0800f840   0x000005e0   Code   RO         1148    .text               fontupd.o
    0x0800fe20   0x000002d4   Code   RO         1180    .text               text.o
    0x080100f4   0x000005a0   Code   RO         1200    .text               wavplay.o
    0x08010694   0x000008a4   Code   RO         1232    .text               mp3play.o
    0x08010f38   0x00000534   Code   RO         1260    .text               bitstream.o
    0x0801146c   0x00000196   Code   RO         1288    .text               buffers.o
    0x08011602   0x00000002   PAD
    0x08011604   0x00000d2c   Code   RO         1306    .text               dct32.o
    0x08012330   0x000002a0   Code   RO         1320    .text               dequant.o
    0x080125d0   0x00000446   Code   RO         1335    .text               dqchan.o
    0x08012a16   0x00000002   PAD
    0x08012a18   0x00000720   Code   RO         1349    .text               huffman.o
    0x08013138   0x0000102c   Code   RO         1374    .text               imdct.o
    0x08014164   0x0000049c   Code   RO         1391    .text               mp3dec.o
    0x08014600   0x0000058e   Code   RO         1415    .text               scalfact.o
    0x08014b8e   0x00000002   PAD
    0x08014b90   0x00000624   Code   RO         1429    .text               stproc.o
    0x080151b4   0x00000114   Code   RO         1441    .text               subband.o
    0x080152c8   0x00000016   Code   RO         1466    .text               asmmisc_rvds.o
    0x080152de   0x00000002   PAD
    0x080152e0   0x0000080e   Code   RO         1470    .text               asmpoly_thumb2_rvds.o
    0x08015aee   0x00000002   PAD
    0x08015af0   0x000003a4   Code   RO         1476    .text               audioplay.o
    0x08015e94   0x00000c2a   Code   RO         1503    .text               usb_core.o
    0x08016abe   0x000000e4   Code   RO         1523    .text               usb_hcd.o
    0x08016ba2   0x00000002   PAD
    0x08016ba4   0x00000e74   Code   RO         1543    .text               usb_hcd_int.o
    0x08017a18   0x00000670   Code   RO         1563    .text               usbh_core.o
    0x08018088   0x00000186   Code   RO         1589    .text               usbh_hcs.o
    0x0801820e   0x000003a8   Code   RO         1609    .text               usbh_ioreq.o
    0x080185b6   0x00000002   PAD
    0x080185b8   0x000003dc   Code   RO         1629    .text               usbh_stdreq.o
    0x08018994   0x00000454   Code   RO         1656    .text               usbh_msc_bot.o
    0x08018de8   0x0000034c   Code   RO         1683    .text               usbh_msc_core.o
    0x08019134   0x000004f4   Code   RO         1710    .text               usbh_msc_scsi.o
    0x08019628   0x000000bc   Code   RO         1737    .text               usb_bsp.o
    0x080196e4   0x0000040c   Code   RO         1760    .text               usbh_usr.o
    0x08019af0   0x00000002   Code   RO         1788    .text               c_w.l(use_no_semi_2.o)
    0x08019af2   0x00000048   Code   RO         1790    .text               c_w.l(llsdiv.o)
    0x08019b3a   0x00000002   PAD
    0x08019b3c   0x00000018   Code   RO         1794    .text               c_w.l(noretval__2printf.o)
    0x08019b54   0x0000004e   Code   RO         1798    .text               c_w.l(_printf_pad.o)
    0x08019ba2   0x00000052   Code   RO         1800    .text               c_w.l(_printf_str.o)
    0x08019bf4   0x00000078   Code   RO         1802    .text               c_w.l(_printf_dec.o)
    0x08019c6c   0x00000058   Code   RO         1807    .text               c_w.l(_printf_hex_int.o)
    0x08019cc4   0x00000188   Code   RO         1842    .text               c_w.l(__printf_flags_ss_wp.o)
    0x08019e4c   0x00000048   Code   RO         1851    .text               c_w.l(strcpy.o)
    0x08019e94   0x0000003e   Code   RO         1853    .text               c_w.l(strlen.o)
    0x08019ed2   0x00000096   Code   RO         1855    .text               c_w.l(strncmp.o)
    0x08019f68   0x00000018   Code   RO         1857    .text               c_w.l(strcat.o)
    0x08019f80   0x0000008a   Code   RO         1859    .text               c_w.l(rt_memcpy_v6.o)
    0x0801a00a   0x00000084   Code   RO         1861    .text               c_w.l(rt_memmove_v6.o)
    0x0801a08e   0x00000044   Code   RO         1863    .text               c_w.l(rt_memclr.o)
    0x0801a0d2   0x00000056   Code   RO         1865    .text               c_w.l(strncpy.o)
    0x0801a128   0x00000080   Code   RO         1867    .text               c_w.l(strcmpv7m.o)
    0x0801a1a8   0x00000006   Code   RO         1869    .text               c_w.l(heapauxi.o)
    0x0801a1ae   0x00000002   Code   RO         1885    .text               c_w.l(use_no_semi.o)
    0x0801a1b0   0x000000ee   Code   RO         1888    .text               c_w.l(lludivv7m.o)
    0x0801a29e   0x000000b2   Code   RO         1890    .text               c_w.l(_printf_intcommon.o)
    0x0801a350   0x0000002c   Code   RO         1892    .text               c_w.l(_printf_char.o)
    0x0801a37c   0x00000024   Code   RO         1894    .text               c_w.l(_printf_char_file.o)
    0x0801a3a0   0x00000064   Code   RO         1897    .text               c_w.l(rt_memcpy_w.o)
    0x0801a404   0x0000007a   Code   RO         1899    .text               c_w.l(rt_memmove_w.o)
    0x0801a47e   0x0000004e   Code   RO         1901    .text               c_w.l(rt_memclr_w.o)
    0x0801a4cc   0x00000030   Code   RO         1927    .text               c_w.l(_printf_char_common.o)
    0x0801a4fc   0x00000008   Code   RO         1929    .text               c_w.l(ferror.o)
    0x0801a504   0x0000004a   Code   RO         1933    .text               c_w.l(sys_stackheap_outer.o)
    0x0801a54e   0x0000000c   Code   RO         1939    .text               c_w.l(exit.o)
    0x0801a55a   0x00000002   PAD
    0x0801a55c   0x00000008   Code   RO         1947    .text               c_w.l(libspace.o)
    0x0801a564   0x0000000e   Code   RO         1835    i._is_digit         c_w.l(__printf_wp.o)
    0x0801a572   0x00000002   PAD
    0x0801a574   0x0000005a   Code   RO         1873    x$fpl$dfixu         fz_wm.l(dfixu.o)
    0x0801a5ce   0x00000026   Code   RO         1877    x$fpl$dfltu         fz_wm.l(dflt_clz.o)
    0x0801a5f4   0x00000154   Code   RO         1883    x$fpl$dmul          fz_wm.l(dmul.o)
    0x0801a748   0x0000009c   Code   RO         1903    x$fpl$dnaninf       fz_wm.l(dnaninf.o)
    0x0801a7e4   0x0000000c   Code   RO         1905    x$fpl$dretinf       fz_wm.l(dretinf.o)
    0x0801a7f0   0x0000000a   Code   RO         2016    x$fpl$fpinit        fz_wm.l(fpinit.o)
    0x0801a7fa   0x00000000   Code   RO         1907    x$fpl$usenofp       fz_wm.l(usenofp.o)
    0x0801a7fa   0x000017c0   Data   RO          390    .constdata          lcd.o
    0x0801bfba   0x0000006e   Data   RO          578    .constdata          i2s.o
    0x0801c028   0x0000001c   Data   RO          745    .constdata          stm32f4xx_fsmc.o
    0x0801c044   0x00000024   Data   RO          915    .constdata          malloc.o
    0x0801c068   0x0000003a   Data   RO         1049    .constdata          ff.o
    0x0801c0a2   0x00000002   PAD
    0x0801c0a4   0x00000070   Data   RO         1070    .constdata          exfuns.o
    0x0801c114   0x000003c0   Data   RO         1128    .constdata          mycc936.o
    0x0801c4d4   0x00000010   Data   RO         1150    .constdata          fontupd.o
    0x0801c4e4   0x000000c0   Data   RO         1307    .constdata          dct32.o
    0x0801c5a4   0x00000250   Data   RO         1336    .constdata          dqchan.o
    0x0801c7f4   0x00002304   Data   RO         1361    .constdata          hufftabs.o
    0x0801eaf8   0x00000078   Data   RO         1375    .constdata          imdct.o
    0x0801eb70   0x000004fe   Data   RO         1403    .constdata          mp3tabs.o
    0x0801f06e   0x00000068   Data   RO         1416    .constdata          scalfact.o
    0x0801f0d6   0x00000002   PAD
    0x0801f0d8   0x0000086c   Data   RO         1453    .constdata          trigtabs.o
    0x0801f944   0x00000028   Data   RO         1808    .constdata          c_w.l(_printf_hex_int.o)
    0x0801f96c   0x00000011   Data   RO         1843    .constdata          c_w.l(__printf_flags_ss_wp.o)
    0x0801f97d   0x00000003   PAD
    0x0801f980   0x00000028   Data   RO          942    .conststring        usmart.o
    0x0801f9a8   0x000001d0   Data   RO          965    .conststring        usmart_config.o
    0x0801fb78   0x00000040   Data   RO         1071    .conststring        exfuns.o
    0x0801fbb8   0x0000005f   Data   RO         1151    .conststring        fontupd.o
    0x0801fc17   0x00000001   PAD
    0x0801fc18   0x00000020   Data   RO         2073    Region$$Table       anon$$obj.o


    Execution Region RW_IRAM1 (Base: 0x20000000, Size: 0x0001d3d8, Max: 0x00020000, ABSOLUTE, COMPRESSED[0x00000150])

    Base Addr    Size         Type   Attr      Idx    E Section Name        Object

    0x20000000   0x00000014   Data   RW          343    .data               system_stm32f4xx.o
    0x20000014   0x00000004   Data   RW          391    .data               lcd.o
    0x20000018   0x00000001   Data   RW          427    .data               key.o
    0x20000019   0x00000001   PAD
    0x2000001a   0x00000002   Data   RW          472    .data               w25qxx.o
    0x2000001c   0x00000010   Data   RW          499    .data               sdio_sdcard.o
    0x2000002c   0x00000004   Data   RW          579    .data               i2s.o
    0x20000030   0x00000074   Data   RW          605    .data               wm8978.o
    0x200000a4   0x00000004   Data   RW          627    .data               delay.o
    0x200000a8   0x00000006   Data   RW          668    .data               usart.o
    0x200000ae   0x00000010   Data   RW          768    .data               stm32f4xx_rcc.o
    0x200000be   0x00000002   PAD
    0x200000c0   0x00000024   Data   RW          916    .data               malloc.o
    0x200000e4   0x0000001c   Data   RW          943    .data               usmart.o
    0x20000100   0x0000015c   Data   RW          966    .data               usmart_config.o
    0x2000025c   0x00000002   Data   RW         1007    .data               diskio.o
    0x2000025e   0x00000002   Data   RW         1050    .data               ff.o
    0x20000260   0x00000014   Data   RW         1072    .data               exfuns.o
    0x20000274   0x00000002   Data   RW         1202    .data               wavplay.o
    0x20000276   0x00000002   PAD
    0x20000278   0x00000006   Data   RW         1233    .data               mp3play.o
    0x2000027e   0x00000002   Data   RW         1478    .data               audioplay.o
    0x20000280   0x00000012   Data   RW         1564    .data               usbh_core.o
    0x20000292   0x00000003   Data   RW         1631    .data               usbh_stdreq.o
    0x20000295   0x00000003   PAD
    0x20000298   0x00000011   Data   RW         1658    .data               usbh_msc_bot.o
    0x200002a9   0x00000003   PAD
    0x200002ac   0x0000001d   Data   RW         1685    .data               usbh_msc_core.o
    0x200002c9   0x00000001   Data   RW         1712    .data               usbh_msc_scsi.o
    0x200002ca   0x00000002   PAD
    0x200002cc   0x0000004c   Data   RW         1761    .data               usbh_usr.o
    0x20000318   0x00000640   Zero   RW            4    .bss                main.o
    0x20000958   0x0000000e   Zero   RW          389    .bss                lcd.o
    0x20000966   0x00001000   Zero   RW          471    .bss                w25qxx.o
    0x20001966   0x00000002   PAD
    0x20001968   0x000002c0   Zero   RW          498    .bss                sdio_sdcard.o
    0x20001c28   0x000000c8   Zero   RW          667    .bss                usart.o
    0x20001cf0   0x00000010   PAD
    0x20001d00   0x0001a900   Zero   RW          914    .bss                malloc.o
    0x2001c600   0x0000000c   Zero   RW         1048    .bss                ff.o
    0x2001c60c   0x00000050   Zero   RW         1069    .bss                exfuns.o
    0x2001c65c   0x00000021   Zero   RW         1149    .bss                fontupd.o
    0x2001c67d   0x00000020   Zero   RW         1201    .bss                wavplay.o
    0x2001c69d   0x0000003c   Zero   RW         1477    .bss                audioplay.o
    0x2001c6d9   0x00000200   Zero   RW         1630    .bss                usbh_stdreq.o
    0x2001c8d9   0x00000003   PAD
    0x2001c8dc   0x00000040   Zero   RW         1657    .bss                usbh_msc_bot.o
    0x2001c91c   0x0000004a   Zero   RW         1684    .bss                usbh_msc_core.o
    0x2001c966   0x00000002   PAD
    0x2001c968   0x00000410   Zero   RW         1711    .bss                usbh_msc_scsi.o
    0x2001cd78   0x00000060   Zero   RW         1948    .bss                c_w.l(libspace.o)
    0x2001cdd8   0x00000200   Zero   RW          696    HEAP                startup_stm32f40_41xxx.o
    0x2001cfd8   0x00000400   Zero   RW          695    STACK               startup_stm32f40_41xxx.o



  Load Region LR$$.ARM.__AT_0x10000000 (Base: 0x10000000, Size: 0x00000000, Max: 0x0000f000, ABSOLUTE)

    Execution Region ER$$.ARM.__AT_0x10000000 (Base: 0x10000000, Size: 0x0000f000, Max: 0x0000f000, ABSOLUTE, UNINIT)

    Base Addr    Size         Type   Attr      Idx    E Section Name        Object

    0x10000000   0x0000f000   Zero   RW          910    .ARM.__AT_0x10000000  malloc.o



  Load Region LR$$.ARM.__AT_0x1000F000 (Base: 0x1000f000, Size: 0x00000000, Max: 0x00000f00, ABSOLUTE)

    Execution Region ER$$.ARM.__AT_0x1000F000 (Base: 0x1000f000, Size: 0x00000f00, Max: 0x00000f00, ABSOLUTE, UNINIT)

    Base Addr    Size         Type   Attr      Idx    E Section Name        Object

    0x1000f000   0x00000f00   Zero   RW          911    .ARM.__AT_0x1000F000  malloc.o



  Load Region LR$$.ARM.__AT_0x68000000 (Base: 0x68000000, Size: 0x00000000, Max: 0x000f0000, ABSOLUTE)

    Execution Region ER$$.ARM.__AT_0x68000000 (Base: 0x68000000, Size: 0x000f0000, Max: 0x000f0000, ABSOLUTE, UNINIT)

    Base Addr    Size         Type   Attr      Idx    E Section Name        Object

    0x68000000   0x000f0000   Zero   RW          912    .ARM.__AT_0x68000000  malloc.o



  Load Region LR$$.ARM.__AT_0x680F0000 (Base: 0x680f0000, Size: 0x00000000, Max: 0x0000f000, ABSOLUTE)

    Execution Region ER$$.ARM.__AT_0x680F0000 (Base: 0x680f0000, Size: 0x0000f000, Max: 0x0000f000, ABSOLUTE, UNINIT)

    Base Addr    Size         Type   Attr      Idx    E Section Name        Object

    0x680f0000   0x0000f000   Zero   RW          913    .ARM.__AT_0x680F0000  malloc.o


==============================================================================

Image component sizes


      Code (inc. data)   RO Data    RW Data    ZI Data      Debug   Object Name

        22          0          0          0          0        492   asmmisc_rvds.o
      2062          0          0          0          0        672   asmpoly_thumb2_rvds.o
       932         56          0          2         60       4254   audioplay.o
      1332         26          0          0          0      10045   bitstream.o
       406          0          0          0          0       2132   buffers.o
      3372         10        192          0          0       4626   dct32.o
       260          8          0          4          0       1509   delay.o
       672          4          0          0          0       1994   dequant.o
       640         12          0          2          0      14974   diskio.o
      1094         36        592          0          0       3794   dqchan.o
       408         22        176         20         80       2848   exfuns.o
     12954        136         58          2         12      34862   ff.o
      1504        158        111          0         33       4288   fontupd.o
      1824         24          0          0          0       5605   huffman.o
         0          0       8964          0          0       5812   hufftabs.o
       480         26        110          4          0       2636   i2s.o
      4140         56        120          0          0       9489   imdct.o
       260         12          0          1          0        904   key.o
     19584        174       6080          4         14      22442   lcd.o
       112          6          0          0          0        591   led.o
       764        242          0          0       1600     350572   main.o
       556         18         36         36    1218560       4989   malloc.o
       224         20          0          0          0       1889   misc.o
      1180          4          0          0          0       4406   mp3dec.o
      2212        222          0          6          0       6922   mp3play.o
         0          0       1278          0          0       2113   mp3tabs.o
       204         12        960          0          0       1721   mycc936.o
       604         14          0          0          0       1932   myiic.o
      1422          8        104          0          0       3902   scalfact.o
      7520        282          0         16        704      25105   sdio_sdcard.o
       280          8          0          0          0       1093   spi.o
        64         26        392          0       1536        860   startup_stm32f40_41xxx.o
       936         32          0          0          0       6369   stm32f4xx_dma.o
      1480         18         28          0          0       5722   stm32f4xx_fsmc.o
       660         44          0          0          0       4169   stm32f4xx_gpio.o
        26          0          0          0          0       1258   stm32f4xx_it.o
      1628         52          0         16          0      12988   stm32f4xx_rcc.o
       476         16          0          0          0       7460   stm32f4xx_sdio.o
      1152         36          0          0          0       6917   stm32f4xx_spi.o
      3234         60          0          0          0      22372   stm32f4xx_tim.o
      1108         34          0          0          0       7868   stm32f4xx_usart.o
      1572         16          0          0          0       4095   stproc.o
       276          4          0          0          0       1287   subband.o
        16          0          0          0          0        516   sys.o
       528         46          0         20          0       1887   system_stm32f4xx.o
       724         16          0          0          0       3044   text.o
         0          0       2156          0          0       1064   trigtabs.o
       332         18          0          6        200       3418   usart.o
       188         10          0          0          0       2395   usb_bsp.o
      3114         10          0          0          0      10126   usb_core.o
       228          0          0          0          0       3252   usb_hcd.o
      3700         10          0          0          0       6731   usb_hcd_int.o
      1648         42          0         18          0       6155   usbh_core.o
       390          0          0          0          0       2724   usbh_hcs.o
       936          0          0          0          0       4464   usbh_ioreq.o
      1108         68          0         17         64       5679   usbh_msc_bot.o
       844         28          0         29         74       4401   usbh_msc_core.o
      1268         40          0          1       1040       5358   usbh_msc_scsi.o
       988         12          0          3        512       5993   usbh_stdreq.o
      1036        506          0         76          0       5376   usbh_usr.o
      3124       1286         40         28          0       4474   usmart.o
         0          0        464        348          0       1604   usmart_config.o
      1320         12          0          0          0       5237   usmart_str.o
       904         34          0          2       4096       4449   w25qxx.o
      1440        230          0          2         32       3529   wavplay.o
      1060         12          0        116          0       5605   wm8978.o

    ----------------------------------------------------------------------
    104552       4314      21898        792    1228640     717459   Object Totals
         0          0         32          0          0          0   (incl. Generated)
        20          0          5         13         23          0   (incl. Padding)

    ----------------------------------------------------------------------

      Code (inc. data)   RO Data    RW Data    ZI Data      Debug   Library Member Name

        90          0          0          0          0          0   __dczerorl2.o
         8          0          0          0          0         68   __main.o
       392          4         17          0          0         92   __printf_flags_ss_wp.o
        14          0          0          0          0         68   __printf_wp.o
         0          0          0          0          0          0   __rtentry.o
        12          0          0          0          0          0   __rtentry2.o
         6          0          0          0          0          0   __rtentry4.o
        52          8          0          0          0          0   __scatter.o
        28          0          0          0          0          0   __scatter_zi.o
         6          0          0          0          0          0   _printf_c.o
        44          0          0          0          0        108   _printf_char.o
        48          6          0          0          0         96   _printf_char_common.o
        36          4          0          0          0         80   _printf_char_file.o
         6          0          0          0          0          0   _printf_d.o
       120         16          0          0          0         92   _printf_dec.o
        88          4         40          0          0         88   _printf_hex_int.o
       178          0          0          0          0         88   _printf_intcommon.o
        78          0          0          0          0        108   _printf_pad.o
         0          0          0          0          0          0   _printf_percent.o
         4          0          0          0          0          0   _printf_percent_end.o
         6          0          0          0          0          0   _printf_s.o
        82          0          0          0          0         80   _printf_str.o
         6          0          0          0          0          0   _printf_u.o
         6          0          0          0          0          0   _printf_x.o
        12          0          0          0          0         72   exit.o
         8          0          0          0          0         68   ferror.o
         6          0          0          0          0        152   heapauxi.o
         2          0          0          0          0          0   libinit.o
         6          0          0          0          0          0   libinit2.o
         2          0          0          0          0          0   libshutdown.o
         2          0          0          0          0          0   libshutdown2.o
         8          4          0          0         96         68   libspace.o
        72          0          0          0          0         76   llsdiv.o
       238          0          0          0          0        100   lludivv7m.o
        24          4          0          0          0         84   noretval__2printf.o
        68          0          0          0          0         68   rt_memclr.o
        78          0          0          0          0         80   rt_memclr_w.o
       138          0          0          0          0         68   rt_memcpy_v6.o
       100          0          0          0          0         80   rt_memcpy_w.o
       132          0          0          0          0         68   rt_memmove_v6.o
       122          0          0          0          0         80   rt_memmove_w.o
         2          0          0          0          0          0   rtexit.o
        10          0          0          0          0          0   rtexit2.o
        24          0          0          0          0         68   strcat.o
       128          0          0          0          0         68   strcmpv7m.o
        72          0          0          0          0         80   strcpy.o
        62          0          0          0          0         76   strlen.o
       150          0          0          0          0         80   strncmp.o
        86          0          0          0          0         76   strncpy.o
        74          0          0          0          0         80   sys_stackheap_outer.o
         2          0          0          0          0         68   use_no_semi.o
         2          0          0          0          0         68   use_no_semi_2.o
        90          4          0          0          0        140   dfixu.o
        38          0          0          0          0        116   dflt_clz.o
       340         12          0          0          0        152   dmul.o
       156          4          0          0          0        140   dnaninf.o
        12          0          0          0          0        116   dretinf.o
        10          0          0          0          0        116   fpinit.o
         0          0          0          0          0          0   usenofp.o

    ----------------------------------------------------------------------
      3594         70         60          0         96       3476   Library Totals
         8          0          3          0          0          0   (incl. Padding)

    ----------------------------------------------------------------------

      Code (inc. data)   RO Data    RW Data    ZI Data      Debug   Library Name

      2940         50         57          0         96       2696   c_w.l
       646         20          0          0          0        780   fz_wm.l

    ----------------------------------------------------------------------
      3594         70         60          0         96       3476   Library Totals

    ----------------------------------------------------------------------

==============================================================================


      Code (inc. data)   RO Data    RW Data    ZI Data      Debug   

    108146       4384      21958        792    1228736     706627   Grand Totals
    108146       4384      21958        336    1228736     706627   ELF Image Totals (compressed)
    108146       4384      21958        336          0          0   ROM Totals

==============================================================================

    Total RO  Size (Code + RO Data)               130104 ( 127.05kB)
    Total RW  Size (RW Data + ZI Data)           1229528 (1200.71kB)
    Total ROM Size (Code + RO Data + RW Data)     130440 ( 127.38kB)

==============================================================================

